Nodes
-------------------
start_addr: 0x80401f8
end_addr: 0x80401fe
successors: ['0x8040200', '0x804020e']
parents: ['0x80409bc']
type: cond
adj_instr: 0x8040200

start_addr: 0x8040200
end_addr: 0x8040202
successors: ['0x8040204', '0x804020a']
parents: ['0x80401f8']
type: cond
adj_instr: 0x8040204

start_addr: 0x8040204
end_addr: 0x8040206
successors: ['0x804020a']
parents: ['0x8040200']
type: uncond
adj_instr: 0x804020a

start_addr: 0x804020a
end_addr: 0x804020e
successors: ['0x80409ca']
parents: ['0x8040200', '0x8040204']
type: ret
adj_instr: None

start_addr: 0x804021c
end_addr: 0x8040220
successors: ['0x8040222', '0x804022a']
parents: ['0x80409bc']
type: cond
adj_instr: 0x8040222

start_addr: 0x8040222
end_addr: 0x8040226
successors: ['0x804022a']
parents: ['0x804021c']
type: uncond
adj_instr: 0x804022a

start_addr: 0x804022a
end_addr: 0x804022a
successors: ['0x80409ca']
parents: ['0x804021c', '0x8040222']
type: ret
adj_instr: None

start_addr: 0x8040238
end_addr: 0x8040248
successors: ['0x80409ca']
parents: ['0x80409bc']
type: ret
adj_instr: None

start_addr: 0x8040250
end_addr: 0x8040260
successors: ['0x804027c']
parents: ['0x80403be', '0x80409bc']
type: uncond
adj_instr: 0x8040262

start_addr: 0x8040262
end_addr: 0x8040282
successors: ['0x8040284', '0x8040262']
parents: ['0x8040262', '0x804027c']
type: cond
adj_instr: 0x8040284

start_addr: 0x8040284
end_addr: 0x8040290
successors: ['0x80403d8', '0x80409ca']
parents: ['0x8040262', '0x804027c']
type: ret
adj_instr: None

start_addr: 0x8040294
end_addr: 0x80402b0
successors: ['0x804031e']
parents: ['0x8040394', '0x80403b8', '0x80409bc']
type: uncond
adj_instr: 0x80402b2

start_addr: 0x80402b2
end_addr: 0x80402c4
successors: ['0x80402c6', '0x80402e4']
parents: ['0x8040310', '0x804031e']
type: cond
adj_instr: 0x80402c6

start_addr: 0x80402c6
end_addr: 0x80402d2
successors: ['0x80402d4', '0x80402e4']
parents: ['0x80402b2']
type: cond
adj_instr: 0x80402d4

start_addr: 0x80402d4
end_addr: 0x80402e2
successors: ['0x804032e']
parents: ['0x80402c6']
type: uncond
adj_instr: 0x80402e4

start_addr: 0x80402e4
end_addr: 0x80402ee
successors: ['0x80402f0', '0x8040310']
parents: ['0x80402b2', '0x80402c6']
type: cond
adj_instr: 0x80402f0

start_addr: 0x80402f0
end_addr: 0x804030e
successors: ['0x804032e']
parents: ['0x80402e4']
type: uncond
adj_instr: 0x8040310

start_addr: 0x8040310
end_addr: 0x8040326
successors: ['0x8040328', '0x80402b2']
parents: ['0x80402e4']
type: cond
adj_instr: 0x8040328

start_addr: 0x8040328
end_addr: 0x8040338
successors: ['0x80403a2', '0x80403be', '0x80409ca']
parents: ['0x8040310', '0x804031e']
type: ret
adj_instr: None

start_addr: 0x8040344
end_addr: 0x8040350
successors: ['0x8040352', '0x804037c']
parents: ['0x80403a2', '0x80409bc']
type: cond
adj_instr: 0x8040352

start_addr: 0x8040352
end_addr: 0x804035c
successors: ['0x804035e', '0x804037c']
parents: ['0x8040344']
type: cond
adj_instr: 0x804035e

start_addr: 0x804035e
end_addr: 0x8040368
successors: ['0x804036a', '0x804037c']
parents: ['0x8040352']
type: cond
adj_instr: 0x804036a

start_addr: 0x804036a
end_addr: 0x804037a
successors: ['0x8040380']
parents: ['0x804035e']
type: uncond
adj_instr: 0x804037c

start_addr: 0x804037c
end_addr: 0x8040388
successors: ['0x80403b8', '0x80409ca']
parents: ['0x8040344', '0x8040352', '0x804035e']
type: ret
adj_instr: None

start_addr: 0x8040394
end_addr: 0x804039e
successors: ['0x8040294']
parents: ['0x80409bc', '0x8040dea']
type: call
adj_instr: 0x80403a2

start_addr: 0x80403a2
end_addr: 0x80403b4
successors: ['0x8040344']
parents: ['0x8040328', '0x804032e']
type: call
adj_instr: 0x80403b8

start_addr: 0x80403b8
end_addr: 0x80403ba
successors: ['0x8040294']
parents: ['0x804037c', '0x8040380']
type: call
adj_instr: 0x80403be

start_addr: 0x80403be
end_addr: 0x80403d4
successors: ['0x8040250']
parents: ['0x8040328', '0x804032e']
type: call
adj_instr: 0x80403d8

start_addr: 0x80403d8
end_addr: 0x80403dc
successors: ['0x80409b4']
parents: ['0x8040284']
type: uncond
adj_instr: 0x80403de

start_addr: 0x80403de
end_addr: 0x80403e6
successors: ['0x80403ea', '0x80409a4']
parents: ['0x80409a4', '0x80409b4', '0x80409ae']
type: cond
adj_instr: 0x80403ea

start_addr: 0x80403ea
end_addr: 0x80403f4
successors: ['0x80405d8', '0x80405e0', '0x80405e8', '0x80405f0', '0x80405f8', '0x8040600', '0x8040608', '0x8040610', '0x8040618', '0x8040620', '0x8040628', '0x8040630', '0x8040638', '0x8040640', '0x8040648', '0x8040650', '0x8040658', '0x8040660', '0x8040668', '0x8040670', '0x8040678', '0x8040680', '0x8040688', '0x8040690', '0x8040698', '0x80406a0', '0x80406a8', '0x80406b0', '0x80406b8', '0x80406c0', '0x80406c8', '0x80406dc', '0x80406e4', '0x80406ec', '0x80406f4', '0x80406fc', '0x8040704', '0x804070c', '0x8040714', '0x804071c', '0x8040724', '0x804072c', '0x8040734', '0x804073c', '0x8040744', '0x804074c', '0x8040754', '0x804075c', '0x8040764', '0x804076c', '0x8040774', '0x804077c', '0x8040784', '0x804078c', '0x8040794', '0x804079c', '0x80407a4', '0x80407ac', '0x80407b4', '0x80407bc', '0x80407c4', '0x80407cc', '0x80407d4', '0x80407dc', '0x80407e4', '0x80407ec', '0x80407f4', '0x80407fc', '0x8040804', '0x804080c', '0x8040814', '0x804081c', '0x8040824', '0x804082c', '0x8040834', '0x804083c', '0x8040844', '0x804084c', '0x8040854', '0x804085c', '0x8040864', '0x804086c', '0x8040874', '0x804087c', '0x8040884', '0x804088c', '0x8040894', '0x804089c', '0x80408a4', '0x80408ac', '0x80408b4', '0x80408bc', '0x80408c4', '0x80408cc', '0x80408d4', '0x80408dc', '0x80408e4', '0x80408ec', '0x80408f4', '0x80408fc', '0x8040904', '0x804090c', '0x8040914', '0x804091c', '0x8040924', '0x804092c', '0x8040934', '0x804093c', '0x8040944', '0x804094c', '0x8040954', '0x804095c', '0x8040964', '0x804096c', '0x8040974', '0x804097c', '0x8040984', '0x804098c', '0x8040994', '0x804099c']
parents: ['0x80403de']
type: uncond
adj_instr: 0x80405d8

start_addr: 0x80405d8
end_addr: 0x80405de
successors: ['0x80409ae']
parents: ['0x80403ea']
type: uncond
adj_instr: 0x80405e0

start_addr: 0x80405e0
end_addr: 0x80405e6
successors: ['0x80409ae']
parents: ['0x80403ea']
type: uncond
adj_instr: 0x80405e8

start_addr: 0x80405e8
end_addr: 0x80405ee
successors: ['0x80409ae']
parents: ['0x80403ea']
type: uncond
adj_instr: 0x80405f0

start_addr: 0x80405f0
end_addr: 0x80405f6
successors: ['0x80409ae']
parents: ['0x80403ea']
type: uncond
adj_instr: 0x80405f8

start_addr: 0x80405f8
end_addr: 0x80405fe
successors: ['0x80409ae']
parents: ['0x80403ea']
type: uncond
adj_instr: 0x8040600

start_addr: 0x8040600
end_addr: 0x8040606
successors: ['0x80409ae']
parents: ['0x80403ea']
type: uncond
adj_instr: 0x8040608

start_addr: 0x8040608
end_addr: 0x804060e
successors: ['0x80409ae']
parents: ['0x80403ea']
type: uncond
adj_instr: 0x8040610

start_addr: 0x8040610
end_addr: 0x8040616
successors: ['0x80409ae']
parents: ['0x80403ea']
type: uncond
adj_instr: 0x8040618

start_addr: 0x8040618
end_addr: 0x804061e
successors: ['0x80409ae']
parents: ['0x80403ea']
type: uncond
adj_instr: 0x8040620

start_addr: 0x8040620
end_addr: 0x8040626
successors: ['0x80409ae']
parents: ['0x80403ea']
type: uncond
adj_instr: 0x8040628

start_addr: 0x8040628
end_addr: 0x804062e
successors: ['0x80409ae']
parents: ['0x80403ea']
type: uncond
adj_instr: 0x8040630

start_addr: 0x8040630
end_addr: 0x8040636
successors: ['0x80409ae']
parents: ['0x80403ea']
type: uncond
adj_instr: 0x8040638

start_addr: 0x8040638
end_addr: 0x804063e
successors: ['0x80409ae']
parents: ['0x80403ea']
type: uncond
adj_instr: 0x8040640

start_addr: 0x8040640
end_addr: 0x8040646
successors: ['0x80409ae']
parents: ['0x80403ea']
type: uncond
adj_instr: 0x8040648

start_addr: 0x8040648
end_addr: 0x804064e
successors: ['0x80409ae']
parents: ['0x80403ea']
type: uncond
adj_instr: 0x8040650

start_addr: 0x8040650
end_addr: 0x8040656
successors: ['0x80409ae']
parents: ['0x80403ea']
type: uncond
adj_instr: 0x8040658

start_addr: 0x8040658
end_addr: 0x804065e
successors: ['0x80409ae']
parents: ['0x80403ea']
type: uncond
adj_instr: 0x8040660

start_addr: 0x8040660
end_addr: 0x8040666
successors: ['0x80409ae']
parents: ['0x80403ea']
type: uncond
adj_instr: 0x8040668

start_addr: 0x8040668
end_addr: 0x804066e
successors: ['0x80409ae']
parents: ['0x80403ea']
type: uncond
adj_instr: 0x8040670

start_addr: 0x8040670
end_addr: 0x8040676
successors: ['0x80409ae']
parents: ['0x80403ea']
type: uncond
adj_instr: 0x8040678

start_addr: 0x8040678
end_addr: 0x804067e
successors: ['0x80409ae']
parents: ['0x80403ea']
type: uncond
adj_instr: 0x8040680

start_addr: 0x8040680
end_addr: 0x8040686
successors: ['0x80409ae']
parents: ['0x80403ea']
type: uncond
adj_instr: 0x8040688

start_addr: 0x8040688
end_addr: 0x804068e
successors: ['0x80409ae']
parents: ['0x80403ea']
type: uncond
adj_instr: 0x8040690

start_addr: 0x8040690
end_addr: 0x8040696
successors: ['0x80409ae']
parents: ['0x80403ea']
type: uncond
adj_instr: 0x8040698

start_addr: 0x8040698
end_addr: 0x804069e
successors: ['0x80409ae']
parents: ['0x80403ea']
type: uncond
adj_instr: 0x80406a0

start_addr: 0x80406a0
end_addr: 0x80406a6
successors: ['0x80409ae']
parents: ['0x80403ea']
type: uncond
adj_instr: 0x80406a8

start_addr: 0x80406a8
end_addr: 0x80406ae
successors: ['0x80409ae']
parents: ['0x80403ea']
type: uncond
adj_instr: 0x80406b0

start_addr: 0x80406b0
end_addr: 0x80406b6
successors: ['0x80409ae']
parents: ['0x80403ea']
type: uncond
adj_instr: 0x80406b8

start_addr: 0x80406b8
end_addr: 0x80406be
successors: ['0x80409ae']
parents: ['0x80403ea']
type: uncond
adj_instr: 0x80406c0

start_addr: 0x80406c0
end_addr: 0x80406c6
successors: ['0x80409ae']
parents: ['0x80403ea']
type: uncond
adj_instr: 0x80406c8

start_addr: 0x80406c8
end_addr: 0x80406ce
successors: ['0x80409ae']
parents: ['0x80403ea']
type: uncond
adj_instr: 0x80406dc

start_addr: 0x80406dc
end_addr: 0x80406e2
successors: ['0x80409ae']
parents: ['0x80403ea']
type: uncond
adj_instr: 0x80406e4

start_addr: 0x80406e4
end_addr: 0x80406ea
successors: ['0x80409ae']
parents: ['0x80403ea']
type: uncond
adj_instr: 0x80406ec

start_addr: 0x80406ec
end_addr: 0x80406f2
successors: ['0x80409ae']
parents: ['0x80403ea']
type: uncond
adj_instr: 0x80406f4

start_addr: 0x80406f4
end_addr: 0x80406fa
successors: ['0x80409ae']
parents: ['0x80403ea']
type: uncond
adj_instr: 0x80406fc

start_addr: 0x80406fc
end_addr: 0x8040702
successors: ['0x80409ae']
parents: ['0x80403ea']
type: uncond
adj_instr: 0x8040704

start_addr: 0x8040704
end_addr: 0x804070a
successors: ['0x80409ae']
parents: ['0x80403ea']
type: uncond
adj_instr: 0x804070c

start_addr: 0x804070c
end_addr: 0x8040712
successors: ['0x80409ae']
parents: ['0x80403ea']
type: uncond
adj_instr: 0x8040714

start_addr: 0x8040714
end_addr: 0x804071a
successors: ['0x80409ae']
parents: ['0x80403ea']
type: uncond
adj_instr: 0x804071c

start_addr: 0x804071c
end_addr: 0x8040722
successors: ['0x80409ae']
parents: ['0x80403ea']
type: uncond
adj_instr: 0x8040724

start_addr: 0x8040724
end_addr: 0x804072a
successors: ['0x80409ae']
parents: ['0x80403ea']
type: uncond
adj_instr: 0x804072c

start_addr: 0x804072c
end_addr: 0x8040732
successors: ['0x80409ae']
parents: ['0x80403ea']
type: uncond
adj_instr: 0x8040734

start_addr: 0x8040734
end_addr: 0x804073a
successors: ['0x80409ae']
parents: ['0x80403ea']
type: uncond
adj_instr: 0x804073c

start_addr: 0x804073c
end_addr: 0x8040742
successors: ['0x80409ae']
parents: ['0x80403ea']
type: uncond
adj_instr: 0x8040744

start_addr: 0x8040744
end_addr: 0x804074a
successors: ['0x80409ae']
parents: ['0x80403ea']
type: uncond
adj_instr: 0x804074c

start_addr: 0x804074c
end_addr: 0x8040752
successors: ['0x80409ae']
parents: ['0x80403ea']
type: uncond
adj_instr: 0x8040754

start_addr: 0x8040754
end_addr: 0x804075a
successors: ['0x80409ae']
parents: ['0x80403ea']
type: uncond
adj_instr: 0x804075c

start_addr: 0x804075c
end_addr: 0x8040762
successors: ['0x80409ae']
parents: ['0x80403ea']
type: uncond
adj_instr: 0x8040764

start_addr: 0x8040764
end_addr: 0x804076a
successors: ['0x80409ae']
parents: ['0x80403ea']
type: uncond
adj_instr: 0x804076c

start_addr: 0x804076c
end_addr: 0x8040772
successors: ['0x80409ae']
parents: ['0x80403ea']
type: uncond
adj_instr: 0x8040774

start_addr: 0x8040774
end_addr: 0x804077a
successors: ['0x80409ae']
parents: ['0x80403ea']
type: uncond
adj_instr: 0x804077c

start_addr: 0x804077c
end_addr: 0x8040782
successors: ['0x80409ae']
parents: ['0x80403ea']
type: uncond
adj_instr: 0x8040784

start_addr: 0x8040784
end_addr: 0x804078a
successors: ['0x80409ae']
parents: ['0x80403ea']
type: uncond
adj_instr: 0x804078c

start_addr: 0x804078c
end_addr: 0x8040792
successors: ['0x80409ae']
parents: ['0x80403ea']
type: uncond
adj_instr: 0x8040794

start_addr: 0x8040794
end_addr: 0x804079a
successors: ['0x80409ae']
parents: ['0x80403ea']
type: uncond
adj_instr: 0x804079c

start_addr: 0x804079c
end_addr: 0x80407a2
successors: ['0x80409ae']
parents: ['0x80403ea']
type: uncond
adj_instr: 0x80407a4

start_addr: 0x80407a4
end_addr: 0x80407aa
successors: ['0x80409ae']
parents: ['0x80403ea']
type: uncond
adj_instr: 0x80407ac

start_addr: 0x80407ac
end_addr: 0x80407b2
successors: ['0x80409ae']
parents: ['0x80403ea']
type: uncond
adj_instr: 0x80407b4

start_addr: 0x80407b4
end_addr: 0x80407ba
successors: ['0x80409ae']
parents: ['0x80403ea']
type: uncond
adj_instr: 0x80407bc

start_addr: 0x80407bc
end_addr: 0x80407c2
successors: ['0x80409ae']
parents: ['0x80403ea']
type: uncond
adj_instr: 0x80407c4

start_addr: 0x80407c4
end_addr: 0x80407ca
successors: ['0x80409ae']
parents: ['0x80403ea']
type: uncond
adj_instr: 0x80407cc

start_addr: 0x80407cc
end_addr: 0x80407d2
successors: ['0x80409ae']
parents: ['0x80403ea']
type: uncond
adj_instr: 0x80407d4

start_addr: 0x80407d4
end_addr: 0x80407da
successors: ['0x80409ae']
parents: ['0x80403ea']
type: uncond
adj_instr: 0x80407dc

start_addr: 0x80407dc
end_addr: 0x80407e2
successors: ['0x80409ae']
parents: ['0x80403ea']
type: uncond
adj_instr: 0x80407e4

start_addr: 0x80407e4
end_addr: 0x80407ea
successors: ['0x80409ae']
parents: ['0x80403ea']
type: uncond
adj_instr: 0x80407ec

start_addr: 0x80407ec
end_addr: 0x80407f2
successors: ['0x80409ae']
parents: ['0x80403ea']
type: uncond
adj_instr: 0x80407f4

start_addr: 0x80407f4
end_addr: 0x80407fa
successors: ['0x80409ae']
parents: ['0x80403ea']
type: uncond
adj_instr: 0x80407fc

start_addr: 0x80407fc
end_addr: 0x8040802
successors: ['0x80409ae']
parents: ['0x80403ea']
type: uncond
adj_instr: 0x8040804

start_addr: 0x8040804
end_addr: 0x804080a
successors: ['0x80409ae']
parents: ['0x80403ea']
type: uncond
adj_instr: 0x804080c

start_addr: 0x804080c
end_addr: 0x8040812
successors: ['0x80409ae']
parents: ['0x80403ea']
type: uncond
adj_instr: 0x8040814

start_addr: 0x8040814
end_addr: 0x804081a
successors: ['0x80409ae']
parents: ['0x80403ea']
type: uncond
adj_instr: 0x804081c

start_addr: 0x804081c
end_addr: 0x8040822
successors: ['0x80409ae']
parents: ['0x80403ea']
type: uncond
adj_instr: 0x8040824

start_addr: 0x8040824
end_addr: 0x804082a
successors: ['0x80409ae']
parents: ['0x80403ea']
type: uncond
adj_instr: 0x804082c

start_addr: 0x804082c
end_addr: 0x8040832
successors: ['0x80409ae']
parents: ['0x80403ea']
type: uncond
adj_instr: 0x8040834

start_addr: 0x8040834
end_addr: 0x804083a
successors: ['0x80409ae']
parents: ['0x80403ea']
type: uncond
adj_instr: 0x804083c

start_addr: 0x804083c
end_addr: 0x8040842
successors: ['0x80409ae']
parents: ['0x80403ea']
type: uncond
adj_instr: 0x8040844

start_addr: 0x8040844
end_addr: 0x804084a
successors: ['0x80409ae']
parents: ['0x80403ea']
type: uncond
adj_instr: 0x804084c

start_addr: 0x804084c
end_addr: 0x8040852
successors: ['0x80409ae']
parents: ['0x80403ea']
type: uncond
adj_instr: 0x8040854

start_addr: 0x8040854
end_addr: 0x804085a
successors: ['0x80409ae']
parents: ['0x80403ea']
type: uncond
adj_instr: 0x804085c

start_addr: 0x804085c
end_addr: 0x8040862
successors: ['0x80409ae']
parents: ['0x80403ea']
type: uncond
adj_instr: 0x8040864

start_addr: 0x8040864
end_addr: 0x804086a
successors: ['0x80409ae']
parents: ['0x80403ea']
type: uncond
adj_instr: 0x804086c

start_addr: 0x804086c
end_addr: 0x8040872
successors: ['0x80409ae']
parents: ['0x80403ea']
type: uncond
adj_instr: 0x8040874

start_addr: 0x8040874
end_addr: 0x804087a
successors: ['0x80409ae']
parents: ['0x80403ea']
type: uncond
adj_instr: 0x804087c

start_addr: 0x804087c
end_addr: 0x8040882
successors: ['0x80409ae']
parents: ['0x80403ea']
type: uncond
adj_instr: 0x8040884

start_addr: 0x8040884
end_addr: 0x804088a
successors: ['0x80409ae']
parents: ['0x80403ea']
type: uncond
adj_instr: 0x804088c

start_addr: 0x804088c
end_addr: 0x8040892
successors: ['0x80409ae']
parents: ['0x80403ea']
type: uncond
adj_instr: 0x8040894

start_addr: 0x8040894
end_addr: 0x804089a
successors: ['0x80409ae']
parents: ['0x80403ea']
type: uncond
adj_instr: 0x804089c

start_addr: 0x804089c
end_addr: 0x80408a2
successors: ['0x80409ae']
parents: ['0x80403ea']
type: uncond
adj_instr: 0x80408a4

start_addr: 0x80408a4
end_addr: 0x80408aa
successors: ['0x80409ae']
parents: ['0x80403ea']
type: uncond
adj_instr: 0x80408ac

start_addr: 0x80408ac
end_addr: 0x80408b2
successors: ['0x80409ae']
parents: ['0x80403ea']
type: uncond
adj_instr: 0x80408b4

start_addr: 0x80408b4
end_addr: 0x80408ba
successors: ['0x80409ae']
parents: ['0x80403ea']
type: uncond
adj_instr: 0x80408bc

start_addr: 0x80408bc
end_addr: 0x80408c2
successors: ['0x80409ae']
parents: ['0x80403ea']
type: uncond
adj_instr: 0x80408c4

start_addr: 0x80408c4
end_addr: 0x80408ca
successors: ['0x80409ae']
parents: ['0x80403ea']
type: uncond
adj_instr: 0x80408cc

start_addr: 0x80408cc
end_addr: 0x80408d2
successors: ['0x80409ae']
parents: ['0x80403ea']
type: uncond
adj_instr: 0x80408d4

start_addr: 0x80408d4
end_addr: 0x80408da
successors: ['0x80409ae']
parents: ['0x80403ea']
type: uncond
adj_instr: 0x80408dc

start_addr: 0x80408dc
end_addr: 0x80408e2
successors: ['0x80409ae']
parents: ['0x80403ea']
type: uncond
adj_instr: 0x80408e4

start_addr: 0x80408e4
end_addr: 0x80408ea
successors: ['0x80409ae']
parents: ['0x80403ea']
type: uncond
adj_instr: 0x80408ec

start_addr: 0x80408ec
end_addr: 0x80408f2
successors: ['0x80409ae']
parents: ['0x80403ea']
type: uncond
adj_instr: 0x80408f4

start_addr: 0x80408f4
end_addr: 0x80408fa
successors: ['0x80409ae']
parents: ['0x80403ea']
type: uncond
adj_instr: 0x80408fc

start_addr: 0x80408fc
end_addr: 0x8040902
successors: ['0x80409ae']
parents: ['0x80403ea']
type: uncond
adj_instr: 0x8040904

start_addr: 0x8040904
end_addr: 0x804090a
successors: ['0x80409ae']
parents: ['0x80403ea']
type: uncond
adj_instr: 0x804090c

start_addr: 0x804090c
end_addr: 0x8040912
successors: ['0x80409ae']
parents: ['0x80403ea']
type: uncond
adj_instr: 0x8040914

start_addr: 0x8040914
end_addr: 0x804091a
successors: ['0x80409ae']
parents: ['0x80403ea']
type: uncond
adj_instr: 0x804091c

start_addr: 0x804091c
end_addr: 0x8040922
successors: ['0x80409ae']
parents: ['0x80403ea']
type: uncond
adj_instr: 0x8040924

start_addr: 0x8040924
end_addr: 0x804092a
successors: ['0x80409ae']
parents: ['0x80403ea']
type: uncond
adj_instr: 0x804092c

start_addr: 0x804092c
end_addr: 0x8040932
successors: ['0x80409ae']
parents: ['0x80403ea']
type: uncond
adj_instr: 0x8040934

start_addr: 0x8040934
end_addr: 0x804093a
successors: ['0x80409ae']
parents: ['0x80403ea']
type: uncond
adj_instr: 0x804093c

start_addr: 0x804093c
end_addr: 0x8040942
successors: ['0x80409ae']
parents: ['0x80403ea']
type: uncond
adj_instr: 0x8040944

start_addr: 0x8040944
end_addr: 0x804094a
successors: ['0x80409ae']
parents: ['0x80403ea']
type: uncond
adj_instr: 0x804094c

start_addr: 0x804094c
end_addr: 0x8040952
successors: ['0x80409ae']
parents: ['0x80403ea']
type: uncond
adj_instr: 0x8040954

start_addr: 0x8040954
end_addr: 0x804095a
successors: ['0x80409ae']
parents: ['0x80403ea']
type: uncond
adj_instr: 0x804095c

start_addr: 0x804095c
end_addr: 0x8040962
successors: ['0x80409ae']
parents: ['0x80403ea']
type: uncond
adj_instr: 0x8040964

start_addr: 0x8040964
end_addr: 0x804096a
successors: ['0x80409ae']
parents: ['0x80403ea']
type: uncond
adj_instr: 0x804096c

start_addr: 0x804096c
end_addr: 0x8040972
successors: ['0x80409ae']
parents: ['0x80403ea']
type: uncond
adj_instr: 0x8040974

start_addr: 0x8040974
end_addr: 0x804097a
successors: ['0x80409ae']
parents: ['0x80403ea']
type: uncond
adj_instr: 0x804097c

start_addr: 0x804097c
end_addr: 0x8040982
successors: ['0x80409ae']
parents: ['0x80403ea']
type: uncond
adj_instr: 0x8040984

start_addr: 0x8040984
end_addr: 0x804098a
successors: ['0x80409ae']
parents: ['0x80403ea']
type: uncond
adj_instr: 0x804098c

start_addr: 0x804098c
end_addr: 0x8040992
successors: ['0x80409ae']
parents: ['0x80403ea']
type: uncond
adj_instr: 0x8040994

start_addr: 0x8040994
end_addr: 0x804099a
successors: ['0x80409ae']
parents: ['0x80403ea']
type: uncond
adj_instr: 0x804099c

start_addr: 0x804099c
end_addr: 0x80409a2
successors: ['0x80409ae']
parents: ['0x80403ea']
type: uncond
adj_instr: 0x80409a4

start_addr: 0x80409a4
end_addr: 0x80409b8
successors: ['0x80409bc', '0x80403de']
parents: ['0x80403de']
type: cond
adj_instr: 0x80409bc

start_addr: 0x80409bc
end_addr: 0x80409c6
successors: ['0x80401f8', '0x804021c', '0x8040238', '0x8040250', '0x8040294', '0x8040344', '0x8040394', '0x80409dc', '0x8040d00', '0x8040dcc', '0x8040e0a', '0x8040e3c', '0x8040e78', '0x8040f3c', '0x8040f58', '0x8040f74', '0x8040fac', '0x8040fc0', '0x8041008', '0x804100e', '0x8041014', '0x8041022', '0x8041030', '0x804103c', '0x804104c', '0x8041064', '0x8041070', '0x8041078', '0x8041086', '0x804108c', '0x804109a', '0x80410b4', '0x80410b6', '0x80410ec', '0x8041164', '0x804118c', '0x80411d4', '0x80411f0', '0x8041244', '0x80412ac', '0x80412f0', '0x8041306', '0x804133a', '0x8041354', '0x8041654', '0x8041684', '0x80416cc', '0x80416d8', '0x80416e8', '0x80416f8', '0x8041718', '0x8041728', '0x8060000']
parents: ['0x80409a4', '0x80409b4', '0x80409ae']
type: call
adj_instr: 0x80409ca

start_addr: 0x80409ca
end_addr: 0x80409d6
successors: ['0x8040df6', '0x80409ca']
parents: ['0x804020a', '0x804022a', '0x8040238', '0x8040284', '0x8040328', '0x804037c', '0x80409ca', '0x8040cec', '0x8040db6', '0x8040df6', '0x8040e26', '0x8040e68', '0x8040f2a', '0x8040f52', '0x8040f6e', '0x8040fc0', '0x8041014', '0x8041022', '0x804103a', '0x804103c', '0x8041054', '0x80410e0', '0x8041148', '0x8041164', '0x804118c', '0x80411d4', '0x804121a', '0x8041274', '0x80412d4', '0x8041300', '0x8041334', '0x8041348', '0x804162a', '0x8041672', '0x80416a6', '0x80416cc', '0x80416d8', '0x80416e8', '0x8041708', '0x8041718', '0x8041758', '0x804020e', '0x804032e', '0x8040380', '0x8040e2c', '0x804114c', '0x8041230', '0x8041276', '0x80412e2', '0x8041678']
type: ret
adj_instr: None

start_addr: 0x80409dc
end_addr: 0x80409e8
successors: ['0x8040ce4']
parents: ['0x80409bc', '0x8040dde']
type: uncond
adj_instr: 0x80409ea

start_addr: 0x80409ea
end_addr: 0x80409f2
successors: ['0x80409f6', '0x8040cd4']
parents: ['0x8040cd4', '0x8040ce4', '0x8040cde']
type: cond
adj_instr: 0x80409f6

start_addr: 0x80409f6
end_addr: 0x8040a00
successors: ['0x8040af4', '0x8040afc', '0x8040b04', '0x8040b0c', '0x8040b14', '0x8040b1c', '0x8040b24', '0x8040b2c', '0x8040b34', '0x8040b3c', '0x8040b44', '0x8040b4c', '0x8040b54', '0x8040b5c', '0x8040b64', '0x8040b6c', '0x8040b74', '0x8040b7c', '0x8040b84', '0x8040b8c', '0x8040b94', '0x8040b9c', '0x8040ba4', '0x8040bac', '0x8040bb4', '0x8040bbc', '0x8040bc4', '0x8040bcc', '0x8040bd4', '0x8040bdc', '0x8040be4', '0x8040bec', '0x8040bf4', '0x8040bfc', '0x8040c04', '0x8040c0c', '0x8040c14', '0x8040c1c', '0x8040c24', '0x8040c2c', '0x8040c34', '0x8040c3c', '0x8040c44', '0x8040c4c', '0x8040c54', '0x8040c5c', '0x8040c64', '0x8040c6c', '0x8040c74', '0x8040c7c', '0x8040c84', '0x8040c8c', '0x8040c94', '0x8040c9c', '0x8040ca4', '0x8040cac', '0x8040cb4', '0x8040cbc', '0x8040cc4', '0x8040ccc']
parents: ['0x80409ea']
type: uncond
adj_instr: 0x8040af4

start_addr: 0x8040af4
end_addr: 0x8040afa
successors: ['0x8040cde']
parents: ['0x80409f6']
type: uncond
adj_instr: 0x8040afc

start_addr: 0x8040afc
end_addr: 0x8040b02
successors: ['0x8040cde']
parents: ['0x80409f6']
type: uncond
adj_instr: 0x8040b04

start_addr: 0x8040b04
end_addr: 0x8040b0a
successors: ['0x8040cde']
parents: ['0x80409f6']
type: uncond
adj_instr: 0x8040b0c

start_addr: 0x8040b0c
end_addr: 0x8040b12
successors: ['0x8040cde']
parents: ['0x80409f6']
type: uncond
adj_instr: 0x8040b14

start_addr: 0x8040b14
end_addr: 0x8040b1a
successors: ['0x8040cde']
parents: ['0x80409f6']
type: uncond
adj_instr: 0x8040b1c

start_addr: 0x8040b1c
end_addr: 0x8040b22
successors: ['0x8040cde']
parents: ['0x80409f6']
type: uncond
adj_instr: 0x8040b24

start_addr: 0x8040b24
end_addr: 0x8040b2a
successors: ['0x8040cde']
parents: ['0x80409f6']
type: uncond
adj_instr: 0x8040b2c

start_addr: 0x8040b2c
end_addr: 0x8040b32
successors: ['0x8040cde']
parents: ['0x80409f6']
type: uncond
adj_instr: 0x8040b34

start_addr: 0x8040b34
end_addr: 0x8040b3a
successors: ['0x8040cde']
parents: ['0x80409f6']
type: uncond
adj_instr: 0x8040b3c

start_addr: 0x8040b3c
end_addr: 0x8040b42
successors: ['0x8040cde']
parents: ['0x80409f6']
type: uncond
adj_instr: 0x8040b44

start_addr: 0x8040b44
end_addr: 0x8040b4a
successors: ['0x8040cde']
parents: ['0x80409f6']
type: uncond
adj_instr: 0x8040b4c

start_addr: 0x8040b4c
end_addr: 0x8040b52
successors: ['0x8040cde']
parents: ['0x80409f6']
type: uncond
adj_instr: 0x8040b54

start_addr: 0x8040b54
end_addr: 0x8040b5a
successors: ['0x8040cde']
parents: ['0x80409f6']
type: uncond
adj_instr: 0x8040b5c

start_addr: 0x8040b5c
end_addr: 0x8040b62
successors: ['0x8040cde']
parents: ['0x80409f6']
type: uncond
adj_instr: 0x8040b64

start_addr: 0x8040b64
end_addr: 0x8040b6a
successors: ['0x8040cde']
parents: ['0x80409f6']
type: uncond
adj_instr: 0x8040b6c

start_addr: 0x8040b6c
end_addr: 0x8040b72
successors: ['0x8040cde']
parents: ['0x80409f6']
type: uncond
adj_instr: 0x8040b74

start_addr: 0x8040b74
end_addr: 0x8040b7a
successors: ['0x8040cde']
parents: ['0x80409f6']
type: uncond
adj_instr: 0x8040b7c

start_addr: 0x8040b7c
end_addr: 0x8040b82
successors: ['0x8040cde']
parents: ['0x80409f6']
type: uncond
adj_instr: 0x8040b84

start_addr: 0x8040b84
end_addr: 0x8040b8a
successors: ['0x8040cde']
parents: ['0x80409f6']
type: uncond
adj_instr: 0x8040b8c

start_addr: 0x8040b8c
end_addr: 0x8040b92
successors: ['0x8040cde']
parents: ['0x80409f6']
type: uncond
adj_instr: 0x8040b94

start_addr: 0x8040b94
end_addr: 0x8040b9a
successors: ['0x8040cde']
parents: ['0x80409f6']
type: uncond
adj_instr: 0x8040b9c

start_addr: 0x8040b9c
end_addr: 0x8040ba2
successors: ['0x8040cde']
parents: ['0x80409f6']
type: uncond
adj_instr: 0x8040ba4

start_addr: 0x8040ba4
end_addr: 0x8040baa
successors: ['0x8040cde']
parents: ['0x80409f6']
type: uncond
adj_instr: 0x8040bac

start_addr: 0x8040bac
end_addr: 0x8040bb2
successors: ['0x8040cde']
parents: ['0x80409f6']
type: uncond
adj_instr: 0x8040bb4

start_addr: 0x8040bb4
end_addr: 0x8040bba
successors: ['0x8040cde']
parents: ['0x80409f6']
type: uncond
adj_instr: 0x8040bbc

start_addr: 0x8040bbc
end_addr: 0x8040bc2
successors: ['0x8040cde']
parents: ['0x80409f6']
type: uncond
adj_instr: 0x8040bc4

start_addr: 0x8040bc4
end_addr: 0x8040bca
successors: ['0x8040cde']
parents: ['0x80409f6']
type: uncond
adj_instr: 0x8040bcc

start_addr: 0x8040bcc
end_addr: 0x8040bd2
successors: ['0x8040cde']
parents: ['0x80409f6']
type: uncond
adj_instr: 0x8040bd4

start_addr: 0x8040bd4
end_addr: 0x8040bda
successors: ['0x8040cde']
parents: ['0x80409f6']
type: uncond
adj_instr: 0x8040bdc

start_addr: 0x8040bdc
end_addr: 0x8040be2
successors: ['0x8040cde']
parents: ['0x80409f6']
type: uncond
adj_instr: 0x8040be4

start_addr: 0x8040be4
end_addr: 0x8040bea
successors: ['0x8040cde']
parents: ['0x80409f6']
type: uncond
adj_instr: 0x8040bec

start_addr: 0x8040bec
end_addr: 0x8040bf2
successors: ['0x8040cde']
parents: ['0x80409f6']
type: uncond
adj_instr: 0x8040bf4

start_addr: 0x8040bf4
end_addr: 0x8040bfa
successors: ['0x8040cde']
parents: ['0x80409f6']
type: uncond
adj_instr: 0x8040bfc

start_addr: 0x8040bfc
end_addr: 0x8040c02
successors: ['0x8040cde']
parents: ['0x80409f6']
type: uncond
adj_instr: 0x8040c04

start_addr: 0x8040c04
end_addr: 0x8040c0a
successors: ['0x8040cde']
parents: ['0x80409f6']
type: uncond
adj_instr: 0x8040c0c

start_addr: 0x8040c0c
end_addr: 0x8040c12
successors: ['0x8040cde']
parents: ['0x80409f6']
type: uncond
adj_instr: 0x8040c14

start_addr: 0x8040c14
end_addr: 0x8040c1a
successors: ['0x8040cde']
parents: ['0x80409f6']
type: uncond
adj_instr: 0x8040c1c

start_addr: 0x8040c1c
end_addr: 0x8040c22
successors: ['0x8040cde']
parents: ['0x80409f6']
type: uncond
adj_instr: 0x8040c24

start_addr: 0x8040c24
end_addr: 0x8040c2a
successors: ['0x8040cde']
parents: ['0x80409f6']
type: uncond
adj_instr: 0x8040c2c

start_addr: 0x8040c2c
end_addr: 0x8040c32
successors: ['0x8040cde']
parents: ['0x80409f6']
type: uncond
adj_instr: 0x8040c34

start_addr: 0x8040c34
end_addr: 0x8040c3a
successors: ['0x8040cde']
parents: ['0x80409f6']
type: uncond
adj_instr: 0x8040c3c

start_addr: 0x8040c3c
end_addr: 0x8040c42
successors: ['0x8040cde']
parents: ['0x80409f6']
type: uncond
adj_instr: 0x8040c44

start_addr: 0x8040c44
end_addr: 0x8040c4a
successors: ['0x8040cde']
parents: ['0x80409f6']
type: uncond
adj_instr: 0x8040c4c

start_addr: 0x8040c4c
end_addr: 0x8040c52
successors: ['0x8040cde']
parents: ['0x80409f6']
type: uncond
adj_instr: 0x8040c54

start_addr: 0x8040c54
end_addr: 0x8040c5a
successors: ['0x8040cde']
parents: ['0x80409f6']
type: uncond
adj_instr: 0x8040c5c

start_addr: 0x8040c5c
end_addr: 0x8040c62
successors: ['0x8040cde']
parents: ['0x80409f6']
type: uncond
adj_instr: 0x8040c64

start_addr: 0x8040c64
end_addr: 0x8040c6a
successors: ['0x8040cde']
parents: ['0x80409f6']
type: uncond
adj_instr: 0x8040c6c

start_addr: 0x8040c6c
end_addr: 0x8040c72
successors: ['0x8040cde']
parents: ['0x80409f6']
type: uncond
adj_instr: 0x8040c74

start_addr: 0x8040c74
end_addr: 0x8040c7a
successors: ['0x8040cde']
parents: ['0x80409f6']
type: uncond
adj_instr: 0x8040c7c

start_addr: 0x8040c7c
end_addr: 0x8040c82
successors: ['0x8040cde']
parents: ['0x80409f6']
type: uncond
adj_instr: 0x8040c84

start_addr: 0x8040c84
end_addr: 0x8040c8a
successors: ['0x8040cde']
parents: ['0x80409f6']
type: uncond
adj_instr: 0x8040c8c

start_addr: 0x8040c8c
end_addr: 0x8040c92
successors: ['0x8040cde']
parents: ['0x80409f6']
type: uncond
adj_instr: 0x8040c94

start_addr: 0x8040c94
end_addr: 0x8040c9a
successors: ['0x8040cde']
parents: ['0x80409f6']
type: uncond
adj_instr: 0x8040c9c

start_addr: 0x8040c9c
end_addr: 0x8040ca2
successors: ['0x8040cde']
parents: ['0x80409f6']
type: uncond
adj_instr: 0x8040ca4

start_addr: 0x8040ca4
end_addr: 0x8040caa
successors: ['0x8040cde']
parents: ['0x80409f6']
type: uncond
adj_instr: 0x8040cac

start_addr: 0x8040cac
end_addr: 0x8040cb2
successors: ['0x8040cde']
parents: ['0x80409f6']
type: uncond
adj_instr: 0x8040cb4

start_addr: 0x8040cb4
end_addr: 0x8040cba
successors: ['0x8040cde']
parents: ['0x80409f6']
type: uncond
adj_instr: 0x8040cbc

start_addr: 0x8040cbc
end_addr: 0x8040cc2
successors: ['0x8040cde']
parents: ['0x80409f6']
type: uncond
adj_instr: 0x8040cc4

start_addr: 0x8040cc4
end_addr: 0x8040cca
successors: ['0x8040cde']
parents: ['0x80409f6']
type: uncond
adj_instr: 0x8040ccc

start_addr: 0x8040ccc
end_addr: 0x8040cd2
successors: ['0x8040cde']
parents: ['0x80409f6']
type: uncond
adj_instr: 0x8040cd4

start_addr: 0x8040cd4
end_addr: 0x8040ce8
successors: ['0x8040cec', '0x80409ea']
parents: ['0x80409ea']
type: cond
adj_instr: 0x8040cec

start_addr: 0x8040cec
end_addr: 0x8040cfc
successors: ['0x8040dea', '0x80409ca']
parents: ['0x8040cd4', '0x8040ce4', '0x8040cde']
type: ret
adj_instr: None

start_addr: 0x8040d00
end_addr: 0x8040d0c
successors: ['0x8040db0']
parents: ['0x80409bc', '0x8040dcc']
type: uncond
adj_instr: 0x8040d0e

start_addr: 0x8040d0e
end_addr: 0x8040d16
successors: ['0x8040d18', '0x8040da0']
parents: ['0x8040da0', '0x8040db0', '0x8040daa']
type: cond
adj_instr: 0x8040d18

start_addr: 0x8040d18
end_addr: 0x8040d22
successors: ['0x8040d50', '0x8040d58', '0x8040d60', '0x8040d68', '0x8040d70', '0x8040d78', '0x8040d80', '0x8040d88', '0x8040d90', '0x8040d98']
parents: ['0x8040d0e']
type: uncond
adj_instr: 0x8040d50

start_addr: 0x8040d50
end_addr: 0x8040d56
successors: ['0x8040daa']
parents: ['0x8040d18']
type: uncond
adj_instr: 0x8040d58

start_addr: 0x8040d58
end_addr: 0x8040d5e
successors: ['0x8040daa']
parents: ['0x8040d18']
type: uncond
adj_instr: 0x8040d60

start_addr: 0x8040d60
end_addr: 0x8040d66
successors: ['0x8040daa']
parents: ['0x8040d18']
type: uncond
adj_instr: 0x8040d68

start_addr: 0x8040d68
end_addr: 0x8040d6e
successors: ['0x8040daa']
parents: ['0x8040d18']
type: uncond
adj_instr: 0x8040d70

start_addr: 0x8040d70
end_addr: 0x8040d76
successors: ['0x8040daa']
parents: ['0x8040d18']
type: uncond
adj_instr: 0x8040d78

start_addr: 0x8040d78
end_addr: 0x8040d7e
successors: ['0x8040daa']
parents: ['0x8040d18']
type: uncond
adj_instr: 0x8040d80

start_addr: 0x8040d80
end_addr: 0x8040d86
successors: ['0x8040daa']
parents: ['0x8040d18']
type: uncond
adj_instr: 0x8040d88

start_addr: 0x8040d88
end_addr: 0x8040d8e
successors: ['0x8040daa']
parents: ['0x8040d18']
type: uncond
adj_instr: 0x8040d90

start_addr: 0x8040d90
end_addr: 0x8040d96
successors: ['0x8040daa']
parents: ['0x8040d18']
type: uncond
adj_instr: 0x8040d98

start_addr: 0x8040d98
end_addr: 0x8040d9e
successors: ['0x8040daa']
parents: ['0x8040d18']
type: uncond
adj_instr: 0x8040da0

start_addr: 0x8040da0
end_addr: 0x8040db4
successors: ['0x8040db6', '0x8040d0e']
parents: ['0x8040d0e']
type: cond
adj_instr: 0x8040db6

start_addr: 0x8040db6
end_addr: 0x8040dc6
successors: ['0x8040dde', '0x80409ca']
parents: ['0x8040da0', '0x8040db0', '0x8040daa']
type: ret
adj_instr: None

start_addr: 0x8040dcc
end_addr: 0x8040dda
successors: ['0x8040d00']
parents: ['0x80409bc', '0x8040e3c']
type: call
adj_instr: 0x8040dde

start_addr: 0x8040dde
end_addr: 0x8040de6
successors: ['0x80409dc']
parents: ['0x8040db6']
type: call
adj_instr: 0x8040dea

start_addr: 0x8040dea
end_addr: 0x8040df2
successors: ['0x8040394']
parents: ['0x8040cec']
type: call
adj_instr: 0x8040df6

start_addr: 0x8040df6
end_addr: 0x8040e06
successors: ['0x8040e44', '0x80409ca']
parents: ['0x80409ca']
type: ret
adj_instr: None

start_addr: 0x8040e0a
end_addr: 0x8040e1c
successors: ['0x8040e1e', '0x8040e26']
parents: ['0x80409bc', '0x8040e44']
type: cond
adj_instr: 0x8040e1e

start_addr: 0x8040e1e
end_addr: 0x8040e24
successors: ['0x8040e2c']
parents: ['0x8040e0a']
type: uncond
adj_instr: 0x8040e26

start_addr: 0x8040e26
end_addr: 0x8040e36
successors: ['0x8040e54', '0x80409ca']
parents: ['0x8040e0a']
type: ret
adj_instr: None

start_addr: 0x8040e3c
end_addr: 0x8040e40
successors: ['0x8040dcc']
parents: ['0x80409bc']
type: call
adj_instr: 0x8040e44

start_addr: 0x8040e44
end_addr: 0x8040e50
successors: ['0x8040e0a']
parents: ['0x8040df6']
type: call
adj_instr: 0x8040e54

start_addr: 0x8040e54
end_addr: 0x8040e60
successors: ['0x8041728']
parents: ['0x8040e26', '0x8040e2c']
type: call
adj_instr: 0x8040e64

start_addr: 0x8040e64
end_addr: 0x8040e64
successors: ['0x8041728']
parents: ['0x8041758']
type: call
adj_instr: 0x8040e68

start_addr: 0x8040e68
end_addr: 0x8040e6c
successors: ['0x80409ca']
parents: ['0x8041758']
type: ret
adj_instr: None

start_addr: 0x8040e78
end_addr: 0x8040ec4
successors: ['0x8041654']
parents: ['0x80409bc', '0x8040f7c']
type: call
adj_instr: 0x8040ec8

start_addr: 0x8040ec8
end_addr: 0x8040ed0
successors: ['0x8041654']
parents: ['0x8041672', '0x8041678']
type: call
adj_instr: 0x8040ed4

start_addr: 0x8040ed4
end_addr: 0x8040eea
successors: ['0x8041354']
parents: ['0x8041672', '0x8041678']
type: call
adj_instr: 0x8040eee

start_addr: 0x8040eee
end_addr: 0x8040f06
successors: ['0x8041354']
parents: ['0x804162a']
type: call
adj_instr: 0x8040f0a

start_addr: 0x8040f0a
end_addr: 0x8040f24
successors: ['0x8041354']
parents: ['0x804162a']
type: call
adj_instr: 0x8040f2a

start_addr: 0x8040f2a
end_addr: 0x8040f2e
successors: ['0x8040f80', '0x80409ca']
parents: ['0x804162a']
type: ret
adj_instr: None

start_addr: 0x8040f3c
end_addr: 0x8040f48
successors: ['0x8041654']
parents: ['0x80409bc']
type: call
adj_instr: 0x8040f4c

start_addr: 0x8040f4c
end_addr: 0x8040f4c
successors: ['0x8040fac']
parents: ['0x8041672', '0x8041678']
type: call
adj_instr: 0x8040f52

start_addr: 0x8040f52
end_addr: 0x8040f52
successors: ['0x80409ca']
parents: []
type: ret
adj_instr: None

start_addr: 0x8040f58
end_addr: 0x8040f64
successors: ['0x8041654']
parents: ['0x80409bc']
type: call
adj_instr: 0x8040f68

start_addr: 0x8040f68
end_addr: 0x8040f68
successors: ['0x8040fac']
parents: ['0x8041672', '0x8041678']
type: call
adj_instr: 0x8040f6e

start_addr: 0x8040f6e
end_addr: 0x8040f6e
successors: ['0x80409ca']
parents: []
type: ret
adj_instr: None

start_addr: 0x8040f74
end_addr: 0x8040f78
successors: ['0x80410b6']
parents: ['0x80409bc', '0x8041096']
type: call
adj_instr: 0x8040f7c

start_addr: 0x8040f7c
end_addr: 0x8040f7c
successors: ['0x8040e78']
parents: ['0x80410e0']
type: call
adj_instr: 0x8040f80

start_addr: 0x8040f80
end_addr: 0x8040f84
successors: ['0x8041718']
parents: ['0x8040f2a']
type: call
adj_instr: 0x8040f88

start_addr: 0x8040f88
end_addr: 0x8040f8c
successors: ['0x8041718']
parents: ['0x8041718']
type: call
adj_instr: 0x8040f90

start_addr: 0x8040f90
end_addr: 0x8040f94
successors: ['0x8041718']
parents: ['0x8041718']
type: call
adj_instr: 0x8040f98

start_addr: 0x8040f98
end_addr: 0x8040f98
successors: ['0x80416e8']
parents: ['0x8040f9c', '0x8041718']
type: call
adj_instr: 0x8040f9c

start_addr: 0x8040f9c
end_addr: 0x8040f9c
successors: ['0x8040f98']
parents: ['0x80416e8']
type: uncond
adj_instr: None

start_addr: 0x8040fac
end_addr: 0x8040fb8
successors: []
parents: ['0x80409bc', '0x8040f4c', '0x8040f68']
type: None
adj_instr: 0x8040fba

start_addr: 0x8040fba
end_addr: 0x8040fba
successors: ['0x8040fba']
parents: ['0x8040fba']
type: uncond
adj_instr: None

start_addr: 0x8040fc0
end_addr: 0x8041000
successors: ['0x80410e0', '0x80409ca']
parents: ['0x80409bc', '0x80410dc']
type: ret
adj_instr: None

start_addr: 0x8041008
end_addr: 0x804100c
successors: ['0x804100c']
parents: ['0x80409bc']
type: uncond
adj_instr: None

start_addr: 0x804100e
end_addr: 0x8041012
successors: ['0x8041012']
parents: ['0x80409bc']
type: uncond
adj_instr: None

start_addr: 0x8041014
end_addr: 0x8041020
successors: ['0x80409ca']
parents: ['0x80409bc']
type: ret
adj_instr: None

start_addr: 0x8041022
end_addr: 0x804102e
successors: ['0x80409ca']
parents: ['0x80409bc']
type: ret
adj_instr: None

start_addr: 0x8041030
end_addr: 0x8041034
successors: ['0x8041164']
parents: ['0x80409bc']
type: call
adj_instr: 0x804103a

start_addr: 0x804103a
end_addr: 0x804103a
successors: ['0x80409ca']
parents: ['0x8041164']
type: ret
adj_instr: None

start_addr: 0x804103c
end_addr: 0x8041048
successors: ['0x804106c', '0x80409ca']
parents: ['0x80409bc', '0x8041064']
type: ret
adj_instr: None

start_addr: 0x804104c
end_addr: 0x8041050
successors: ['0x80416f8']
parents: ['0x80409bc', '0x80410c6']
type: call
adj_instr: 0x8041054

start_addr: 0x8041054
end_addr: 0x804105c
successors: ['0x80410ca', '0x80409ca']
parents: ['0x8041708']
type: ret
adj_instr: None

start_addr: 0x8041064
end_addr: 0x8041068
successors: ['0x804103c']
parents: ['0x80409bc']
type: call
adj_instr: 0x804106c

start_addr: 0x804106c
end_addr: 0x804106e
successors: ['0x8041078']
parents: ['0x804103c']
type: uncond
adj_instr: None

start_addr: 0x8041070
end_addr: 0x8041080
successors: ['0x8041082', '0x8041070']
parents: ['0x80409bc', '0x8041070', '0x8041078']
type: cond
adj_instr: 0x8041082

start_addr: 0x8041082
end_addr: 0x8041084
successors: ['0x804108c']
parents: ['0x8041070', '0x8041078']
type: uncond
adj_instr: None

start_addr: 0x8041086
end_addr: 0x8041090
successors: ['0x8041092', '0x8041086']
parents: ['0x80409bc', '0x8041086', '0x804108c']
type: cond
adj_instr: 0x8041092

start_addr: 0x8041092
end_addr: 0x8041092
successors: ['0x8041684']
parents: ['0x8041086', '0x804108c']
type: call
adj_instr: 0x8041096

start_addr: 0x8041096
end_addr: 0x8041096
successors: ['0x8040f74']
parents: ['0x80416a6']
type: call
adj_instr: None

start_addr: 0x804109a
end_addr: 0x804109a
successors: ['0x804109a']
parents: ['0x80409bc', '0x804109a']
type: uncond
adj_instr: None

start_addr: 0x80410b4
end_addr: 0x80410b4
successors: ['0x80410b4']
parents: ['0x80409bc', '0x80410b4']
type: uncond
adj_instr: None

start_addr: 0x80410b6
end_addr: 0x80410c2
successors: ['0x80412f0']
parents: ['0x80409bc', '0x8040f74']
type: call
adj_instr: 0x80410c6

start_addr: 0x80410c6
end_addr: 0x80410c6
successors: ['0x804104c']
parents: ['0x8041300']
type: call
adj_instr: 0x80410ca

start_addr: 0x80410ca
end_addr: 0x80410cc
successors: ['0x80410ec']
parents: ['0x8041054']
type: call
adj_instr: 0x80410d0

start_addr: 0x80410d0
end_addr: 0x80410d4
successors: ['0x80410d6', '0x80410dc']
parents: ['0x8041148', '0x804114c']
type: cond
adj_instr: 0x80410d6

start_addr: 0x80410d6
end_addr: 0x80410da
successors: ['0x80410e0']
parents: ['0x80410d0']
type: uncond
adj_instr: 0x80410dc

start_addr: 0x80410dc
end_addr: 0x80410dc
successors: ['0x8040fc0']
parents: ['0x80410d0']
type: call
adj_instr: 0x80410e0

start_addr: 0x80410e0
end_addr: 0x80410e8
successors: ['0x8040f7c', '0x80409ca']
parents: ['0x8040fc0', '0x80410d6']
type: ret
adj_instr: None

start_addr: 0x80410ec
end_addr: 0x80410fe
successors: ['0x8041100', '0x8041148']
parents: ['0x80409bc', '0x80410ca']
type: cond
adj_instr: 0x8041100

start_addr: 0x8041100
end_addr: 0x8041118
successors: ['0x804133a']
parents: ['0x80410ec']
type: call
adj_instr: 0x804111c

start_addr: 0x804111c
end_addr: 0x8041120
successors: ['0x8041122', '0x8041142']
parents: ['0x8041348']
type: cond
adj_instr: 0x8041122

start_addr: 0x8041122
end_addr: 0x8041126
successors: ['0x8041128', '0x804113c']
parents: ['0x804111c']
type: cond
adj_instr: 0x8041128

start_addr: 0x8041128
end_addr: 0x8041130
successors: ['0x8041306']
parents: ['0x8041122']
type: call
adj_instr: 0x8041134

start_addr: 0x8041134
end_addr: 0x804113a
successors: ['0x804114c']
parents: ['0x8041334']
type: uncond
adj_instr: 0x804113c

start_addr: 0x804113c
end_addr: 0x8041140
successors: ['0x804114c']
parents: ['0x8041122']
type: uncond
adj_instr: 0x8041142

start_addr: 0x8041142
end_addr: 0x8041146
successors: ['0x804114c']
parents: ['0x804111c']
type: uncond
adj_instr: 0x8041148

start_addr: 0x8041148
end_addr: 0x8041154
successors: ['0x80410d0', '0x80409ca']
parents: ['0x80410ec']
type: ret
adj_instr: None

start_addr: 0x8041164
end_addr: 0x8041180
successors: ['0x804103a', '0x80409ca']
parents: ['0x80409bc', '0x8041030']
type: ret
adj_instr: None

start_addr: 0x804118c
end_addr: 0x80411ce
successors: ['0x8041300', '0x80409ca']
parents: ['0x80409bc', '0x80412f0']
type: ret
adj_instr: None

start_addr: 0x80411d4
end_addr: 0x80411ea
successors: ['0x8041318', '0x80409ca']
parents: ['0x80409bc', '0x8041306']
type: ret
adj_instr: None

start_addr: 0x80411f0
end_addr: 0x8041202
successors: ['0x8041204', '0x804121a']
parents: ['0x80409bc', '0x80412c2', '0x8041324']
type: cond
adj_instr: 0x8041204

start_addr: 0x8041204
end_addr: 0x8041218
successors: ['0x8041230']
parents: ['0x80411f0']
type: uncond
adj_instr: 0x804121a

start_addr: 0x804121a
end_addr: 0x804123a
successors: ['0x80412d4', '0x8041334', '0x80409ca']
parents: ['0x80411f0']
type: ret
adj_instr: None

start_addr: 0x8041244
end_addr: 0x804126c
successors: ['0x804126e', '0x8041274']
parents: ['0x80409bc', '0x8041318']
type: cond
adj_instr: 0x804126e

start_addr: 0x804126e
end_addr: 0x8041272
successors: ['0x8041276']
parents: ['0x8041244']
type: uncond
adj_instr: 0x8041274

start_addr: 0x8041274
end_addr: 0x80412a8
successors: ['0x8041324', '0x80409ca']
parents: ['0x8041244']
type: ret
adj_instr: None

start_addr: 0x80412ac
end_addr: 0x80412bc
successors: ['0x80412be', '0x80412c2']
parents: ['0x80409bc', '0x804133a']
type: cond
adj_instr: 0x80412be

start_addr: 0x80412be
end_addr: 0x80412c0
successors: ['0x80412e2']
parents: ['0x80412ac']
type: uncond
adj_instr: 0x80412c2

start_addr: 0x80412c2
end_addr: 0x80412d0
successors: ['0x80411f0']
parents: ['0x80412ac']
type: call
adj_instr: 0x80412d4

start_addr: 0x80412d4
end_addr: 0x80412e8
successors: ['0x8041348', '0x80409ca']
parents: ['0x804121a', '0x8041230']
type: ret
adj_instr: None

start_addr: 0x80412f0
end_addr: 0x80412fa
successors: ['0x804118c']
parents: ['0x80409bc', '0x80410b6']
type: call
adj_instr: 0x8041300

start_addr: 0x8041300
end_addr: 0x8041304
successors: ['0x80410c6', '0x80409ca']
parents: ['0x804118c']
type: ret
adj_instr: None

start_addr: 0x8041306
end_addr: 0x8041314
successors: ['0x80411d4']
parents: ['0x80409bc', '0x8041128']
type: call
adj_instr: 0x8041318

start_addr: 0x8041318
end_addr: 0x8041320
successors: ['0x8041244']
parents: ['0x80411d4']
type: call
adj_instr: 0x8041324

start_addr: 0x8041324
end_addr: 0x804132e
successors: ['0x80411f0']
parents: ['0x8041274', '0x8041276']
type: call
adj_instr: 0x8041334

start_addr: 0x8041334
end_addr: 0x8041338
successors: ['0x8041134', '0x80409ca']
parents: ['0x804121a', '0x8041230']
type: ret
adj_instr: None

start_addr: 0x804133a
end_addr: 0x8041344
successors: ['0x80412ac']
parents: ['0x80409bc', '0x8041100']
type: call
adj_instr: 0x8041348

start_addr: 0x8041348
end_addr: 0x8041350
successors: ['0x804111c', '0x80409ca']
parents: ['0x80412d4', '0x80412e2']
type: ret
adj_instr: None

start_addr: 0x8041354
end_addr: 0x8041362
successors: ['0x8041616']
parents: ['0x80409bc', '0x8040ed4', '0x8040eee', '0x8040f0a']
type: uncond
adj_instr: 0x8041364

start_addr: 0x8041364
end_addr: 0x8041378
successors: ['0x804137c', '0x8041610']
parents: ['0x8041602', '0x8041616', '0x8041610', '0x804160a']
type: cond
adj_instr: 0x804137c

start_addr: 0x804137c
end_addr: 0x8041382
successors: ['0x8041384', '0x804139c']
parents: ['0x8041364']
type: cond
adj_instr: 0x8041384

start_addr: 0x8041384
end_addr: 0x804138a
successors: ['0x804138c', '0x804139c']
parents: ['0x804137c']
type: cond
adj_instr: 0x804138c

start_addr: 0x804138c
end_addr: 0x8041392
successors: ['0x8041394', '0x804139c']
parents: ['0x8041384']
type: cond
adj_instr: 0x8041394

start_addr: 0x8041394
end_addr: 0x804139a
successors: ['0x804139c', '0x80413fe']
parents: ['0x804138c']
type: cond
adj_instr: 0x804139c

start_addr: 0x804139c
end_addr: 0x8041434
successors: ['0x8041436', '0x804143e']
parents: ['0x804137c', '0x8041384', '0x804138c', '0x8041394']
type: cond
adj_instr: 0x8041436

start_addr: 0x8041436
end_addr: 0x804143c
successors: ['0x804143e', '0x8041486']
parents: ['0x804139c', '0x80413fe']
type: cond
adj_instr: 0x804143e

start_addr: 0x804143e
end_addr: 0x80414c4
successors: ['0x80414c8', '0x8041610']
parents: ['0x804139c', '0x8041436', '0x80413fe']
type: cond
adj_instr: 0x80414c8

start_addr: 0x80414c8
end_addr: 0x80414f2
successors: ['0x80414f4', '0x8041540']
parents: ['0x804143e', '0x8041486']
type: cond
adj_instr: 0x80414f4

start_addr: 0x80414f4
end_addr: 0x80414fa
successors: ['0x80414fc', '0x804153c']
parents: ['0x80414c8']
type: cond
adj_instr: 0x80414fc

start_addr: 0x80414fc
end_addr: 0x8041502
successors: ['0x8041504', '0x8041538']
parents: ['0x80414f4']
type: cond
adj_instr: 0x8041504

start_addr: 0x8041504
end_addr: 0x804150a
successors: ['0x804150c', '0x8041534']
parents: ['0x80414fc']
type: cond
adj_instr: 0x804150c

start_addr: 0x804150c
end_addr: 0x8041512
successors: ['0x8041514', '0x8041530']
parents: ['0x8041504']
type: cond
adj_instr: 0x8041514

start_addr: 0x8041514
end_addr: 0x804151a
successors: ['0x804151c', '0x804152c']
parents: ['0x804150c']
type: cond
adj_instr: 0x804151c

start_addr: 0x804151c
end_addr: 0x8041522
successors: ['0x8041524', '0x8041528']
parents: ['0x8041514']
type: cond
adj_instr: 0x8041524

start_addr: 0x8041524
end_addr: 0x8041526
successors: ['0x8041542']
parents: ['0x804151c']
type: uncond
adj_instr: 0x8041528

start_addr: 0x8041528
end_addr: 0x804152a
successors: ['0x8041542']
parents: ['0x804151c']
type: uncond
adj_instr: 0x804152c

start_addr: 0x804152c
end_addr: 0x804152e
successors: ['0x8041542']
parents: ['0x8041514']
type: uncond
adj_instr: 0x8041530

start_addr: 0x8041530
end_addr: 0x8041532
successors: ['0x8041542']
parents: ['0x804150c']
type: uncond
adj_instr: 0x8041534

start_addr: 0x8041534
end_addr: 0x8041536
successors: ['0x8041542']
parents: ['0x8041504']
type: uncond
adj_instr: 0x8041538

start_addr: 0x8041538
end_addr: 0x804153a
successors: ['0x8041542']
parents: ['0x80414fc']
type: uncond
adj_instr: 0x804153c

start_addr: 0x804153c
end_addr: 0x804153e
successors: ['0x8041542']
parents: ['0x80414f4']
type: uncond
adj_instr: 0x8041540

start_addr: 0x8041540
end_addr: 0x804157c
successors: ['0x804157e', '0x8041586']
parents: ['0x80414c8']
type: cond
adj_instr: 0x804157e

start_addr: 0x804157e
end_addr: 0x80415aa
successors: ['0x80415ac', '0x80415b4']
parents: ['0x8041540', '0x8041542']
type: cond
adj_instr: 0x80415ac

start_addr: 0x80415ac
end_addr: 0x80415d6
successors: ['0x80415d8', '0x80415e0']
parents: ['0x804157e', '0x8041586']
type: cond
adj_instr: 0x80415d8

start_addr: 0x80415d8
end_addr: 0x8041600
successors: ['0x8041602', '0x804160a']
parents: ['0x80415ac', '0x80415b4']
type: cond
adj_instr: 0x8041602

start_addr: 0x8041602
end_addr: 0x8041622
successors: ['0x804162a', '0x8041364']
parents: ['0x80415d8', '0x80415e0']
type: cond
adj_instr: 0x804162a

start_addr: 0x804162a
end_addr: 0x8041632
successors: ['0x8040eee', '0x8040f0a', '0x8040f2a', '0x80409ca']
parents: ['0x8041602', '0x8041616', '0x8041610', '0x804160a']
type: ret
adj_instr: None

start_addr: 0x8041654
end_addr: 0x8041668
successors: ['0x804166a', '0x8041672']
parents: ['0x80409bc', '0x8040e78', '0x8040ec8', '0x8040f3c', '0x8040f58']
type: cond
adj_instr: 0x804166a

start_addr: 0x804166a
end_addr: 0x8041670
successors: ['0x8041678']
parents: ['0x8041654']
type: uncond
adj_instr: 0x8041672

start_addr: 0x8041672
end_addr: 0x8041682
successors: ['0x8040ec8', '0x8040ed4', '0x8040f4c', '0x8040f68', '0x80409ca']
parents: ['0x8041654']
type: ret
adj_instr: None

start_addr: 0x8041684
end_addr: 0x8041692
successors: ['0x8041694', '0x80416a8']
parents: ['0x80409bc', '0x8041092']
type: cond
adj_instr: 0x8041694

start_addr: 0x8041694
end_addr: 0x804169a
successors: ['0x80416cc']
parents: ['0x8041684', '0x8041690']
type: call
adj_instr: 0x804169e

start_addr: 0x804169e
end_addr: 0x80416a4
successors: ['0x80416a6', '0x80416b2']
parents: ['0x80416cc']
type: cond
adj_instr: 0x80416a6

start_addr: 0x80416a6
end_addr: 0x80416a6
successors: ['0x8041096', '0x80409ca']
parents: ['0x804169e', '0x80416a2']
type: ret
adj_instr: 0x80416a8

start_addr: 0x80416a8
end_addr: 0x80416ae
successors: []
parents: ['0x8041684', '0x8041690']
type: None
adj_instr: 0x80416b0

start_addr: 0x80416b0
end_addr: 0x80416b0
successors: ['0x8041690']
parents: []
type: uncond
adj_instr: 0x80416b2

start_addr: 0x80416b2
end_addr: 0x80416b8
successors: []
parents: ['0x804169e', '0x80416a2']
type: None
adj_instr: 0x80416ba

start_addr: 0x80416ba
end_addr: 0x80416ba
successors: ['0x80416a2']
parents: []
type: uncond
adj_instr: None

start_addr: 0x80416cc
end_addr: 0x80416d6
successors: ['0x804169e', '0x80409ca']
parents: ['0x80409bc', '0x8041694']
type: ret
adj_instr: None

start_addr: 0x80416d8
end_addr: 0x80416e2
successors: ['0x80409ca']
parents: ['0x80409bc']
type: ret
adj_instr: 0x80416e4

start_addr: 0x80416e8
end_addr: 0x80416f0
successors: ['0x8040f9c', '0x80409ca']
parents: ['0x80409bc', '0x8040f98']
type: ret
adj_instr: None

start_addr: 0x80416f8
end_addr: 0x8041700
successors: []
parents: ['0x80409bc', '0x804104c']
type: ret
adj_instr: 0x8041708

start_addr: 0x8041708
end_addr: 0x8041710
successors: ['0x8041054', '0x80409ca']
parents: []
type: ret
adj_instr: None

start_addr: 0x8041718
end_addr: 0x8041720
successors: ['0x8040f88', '0x8040f90', '0x8040f98', '0x80409ca']
parents: ['0x80409bc', '0x8040f80', '0x8040f88', '0x8040f90']
type: ret
adj_instr: None

start_addr: 0x8041728
end_addr: 0x8041730
successors: []
parents: ['0x80409bc', '0x8040e54', '0x8040e64']
type: ret
adj_instr: 0x8041738

start_addr: 0x8041738
end_addr: 0x8041740
successors: []
parents: []
type: ret
adj_instr: 0x8041748

start_addr: 0x8041748
end_addr: 0x8041750
successors: []
parents: []
type: ret
adj_instr: 0x8041758

start_addr: 0x8041758
end_addr: 0x8041760
successors: ['0x8040e64', '0x8040e68', '0x80409ca']
parents: []
type: ret
adj_instr: None

start_addr: 0x804020e
end_addr: 0x804020e
successors: ['0x80409ca']
parents: ['0x80401f8']
type: ret
adj_instr: None

start_addr: 0x804027c
end_addr: 0x8040282
successors: ['0x8040284', '0x8040262']
parents: ['0x8040250']
type: cond
adj_instr: 0x8040284

start_addr: 0x804031e
end_addr: 0x8040326
successors: ['0x8040328', '0x80402b2']
parents: ['0x8040294']
type: cond
adj_instr: 0x8040328

start_addr: 0x804032e
end_addr: 0x8040338
successors: ['0x80403a2', '0x80403be', '0x80409ca']
parents: ['0x80402d4', '0x80402f0']
type: ret
adj_instr: None

start_addr: 0x8040380
end_addr: 0x8040388
successors: ['0x80403b8', '0x80409ca']
parents: ['0x804036a']
type: ret
adj_instr: None

start_addr: 0x80409b4
end_addr: 0x80409b8
successors: ['0x80409bc', '0x80403de']
parents: ['0x80403d8']
type: cond
adj_instr: 0x80409bc

start_addr: 0x80409ae
end_addr: 0x80409b8
successors: ['0x80409bc', '0x80403de']
parents: ['0x80405d8', '0x80405e0', '0x80405e8', '0x80405f0', '0x80405f8', '0x8040600', '0x8040608', '0x8040610', '0x8040618', '0x8040620', '0x8040628', '0x8040630', '0x8040638', '0x8040640', '0x8040648', '0x8040650', '0x8040658', '0x8040660', '0x8040668', '0x8040670', '0x8040678', '0x8040680', '0x8040688', '0x8040690', '0x8040698', '0x80406a0', '0x80406a8', '0x80406b0', '0x80406b8', '0x80406c0', '0x80406c8', '0x80406dc', '0x80406e4', '0x80406ec', '0x80406f4', '0x80406fc', '0x8040704', '0x804070c', '0x8040714', '0x804071c', '0x8040724', '0x804072c', '0x8040734', '0x804073c', '0x8040744', '0x804074c', '0x8040754', '0x804075c', '0x8040764', '0x804076c', '0x8040774', '0x804077c', '0x8040784', '0x804078c', '0x8040794', '0x804079c', '0x80407a4', '0x80407ac', '0x80407b4', '0x80407bc', '0x80407c4', '0x80407cc', '0x80407d4', '0x80407dc', '0x80407e4', '0x80407ec', '0x80407f4', '0x80407fc', '0x8040804', '0x804080c', '0x8040814', '0x804081c', '0x8040824', '0x804082c', '0x8040834', '0x804083c', '0x8040844', '0x804084c', '0x8040854', '0x804085c', '0x8040864', '0x804086c', '0x8040874', '0x804087c', '0x8040884', '0x804088c', '0x8040894', '0x804089c', '0x80408a4', '0x80408ac', '0x80408b4', '0x80408bc', '0x80408c4', '0x80408cc', '0x80408d4', '0x80408dc', '0x80408e4', '0x80408ec', '0x80408f4', '0x80408fc', '0x8040904', '0x804090c', '0x8040914', '0x804091c', '0x8040924', '0x804092c', '0x8040934', '0x804093c', '0x8040944', '0x804094c', '0x8040954', '0x804095c', '0x8040964', '0x804096c', '0x8040974', '0x804097c', '0x8040984', '0x804098c', '0x8040994', '0x804099c']
type: cond
adj_instr: 0x80409bc

start_addr: 0x8040ce4
end_addr: 0x8040ce8
successors: ['0x8040cec', '0x80409ea']
parents: ['0x80409dc']
type: cond
adj_instr: 0x8040cec

start_addr: 0x8040cde
end_addr: 0x8040ce8
successors: ['0x8040cec', '0x80409ea']
parents: ['0x8040af4', '0x8040afc', '0x8040b04', '0x8040b0c', '0x8040b14', '0x8040b1c', '0x8040b24', '0x8040b2c', '0x8040b34', '0x8040b3c', '0x8040b44', '0x8040b4c', '0x8040b54', '0x8040b5c', '0x8040b64', '0x8040b6c', '0x8040b74', '0x8040b7c', '0x8040b84', '0x8040b8c', '0x8040b94', '0x8040b9c', '0x8040ba4', '0x8040bac', '0x8040bb4', '0x8040bbc', '0x8040bc4', '0x8040bcc', '0x8040bd4', '0x8040bdc', '0x8040be4', '0x8040bec', '0x8040bf4', '0x8040bfc', '0x8040c04', '0x8040c0c', '0x8040c14', '0x8040c1c', '0x8040c24', '0x8040c2c', '0x8040c34', '0x8040c3c', '0x8040c44', '0x8040c4c', '0x8040c54', '0x8040c5c', '0x8040c64', '0x8040c6c', '0x8040c74', '0x8040c7c', '0x8040c84', '0x8040c8c', '0x8040c94', '0x8040c9c', '0x8040ca4', '0x8040cac', '0x8040cb4', '0x8040cbc', '0x8040cc4', '0x8040ccc']
type: cond
adj_instr: 0x8040cec

start_addr: 0x8040db0
end_addr: 0x8040db4
successors: ['0x8040db6', '0x8040d0e']
parents: ['0x8040d00']
type: cond
adj_instr: 0x8040db6

start_addr: 0x8040daa
end_addr: 0x8040db4
successors: ['0x8040db6', '0x8040d0e']
parents: ['0x8040d50', '0x8040d58', '0x8040d60', '0x8040d68', '0x8040d70', '0x8040d78', '0x8040d80', '0x8040d88', '0x8040d90', '0x8040d98']
type: cond
adj_instr: 0x8040db6

start_addr: 0x8040e2c
end_addr: 0x8040e36
successors: ['0x8040e54', '0x80409ca']
parents: ['0x8040e1e']
type: ret
adj_instr: None

start_addr: 0x804100c
end_addr: 0x804100c
successors: ['0x804100c']
parents: ['0x8041008', '0x804100c']
type: uncond
adj_instr: None

start_addr: 0x8041012
end_addr: 0x8041012
successors: ['0x8041012']
parents: ['0x804100e', '0x8041012']
type: uncond
adj_instr: None

start_addr: 0x8041078
end_addr: 0x8041080
successors: ['0x8041082', '0x8041070']
parents: ['0x80409bc', '0x804106c']
type: cond
adj_instr: 0x8041082

start_addr: 0x804108c
end_addr: 0x8041090
successors: ['0x8041092', '0x8041086']
parents: ['0x80409bc', '0x8041082']
type: cond
adj_instr: 0x8041092

start_addr: 0x804114c
end_addr: 0x8041154
successors: ['0x80410d0', '0x80409ca']
parents: ['0x8041134', '0x804113c', '0x8041142']
type: ret
adj_instr: None

start_addr: 0x8041230
end_addr: 0x804123a
successors: ['0x80412d4', '0x8041334', '0x80409ca']
parents: ['0x8041204']
type: ret
adj_instr: None

start_addr: 0x8041276
end_addr: 0x80412a8
successors: ['0x8041324', '0x80409ca']
parents: ['0x804126e']
type: ret
adj_instr: None

start_addr: 0x80412e2
end_addr: 0x80412e8
successors: ['0x8041348', '0x80409ca']
parents: ['0x80412be']
type: ret
adj_instr: None

start_addr: 0x8041616
end_addr: 0x8041622
successors: ['0x804162a', '0x8041364']
parents: ['0x8041354']
type: cond
adj_instr: 0x804162a

start_addr: 0x8041610
end_addr: 0x8041622
successors: ['0x804162a', '0x8041364']
parents: ['0x8041364', '0x804143e', '0x8041486']
type: cond
adj_instr: 0x804162a

start_addr: 0x80413fe
end_addr: 0x8041434
successors: ['0x8041436', '0x804143e']
parents: ['0x8041394']
type: cond
adj_instr: 0x8041436

start_addr: 0x8041486
end_addr: 0x80414c4
successors: ['0x80414c8', '0x8041610']
parents: ['0x8041436']
type: cond
adj_instr: 0x80414c8

start_addr: 0x8041542
end_addr: 0x804157c
successors: ['0x804157e', '0x8041586']
parents: ['0x8041524', '0x8041528', '0x804152c', '0x8041530', '0x8041534', '0x8041538', '0x804153c']
type: cond
adj_instr: 0x804157e

start_addr: 0x8041586
end_addr: 0x80415aa
successors: ['0x80415ac', '0x80415b4']
parents: ['0x8041540', '0x8041542']
type: cond
adj_instr: 0x80415ac

start_addr: 0x80415b4
end_addr: 0x80415d6
successors: ['0x80415d8', '0x80415e0']
parents: ['0x804157e', '0x8041586']
type: cond
adj_instr: 0x80415d8

start_addr: 0x80415e0
end_addr: 0x8041600
successors: ['0x8041602', '0x804160a']
parents: ['0x80415ac', '0x80415b4']
type: cond
adj_instr: 0x8041602

start_addr: 0x804160a
end_addr: 0x8041622
successors: ['0x804162a', '0x8041364']
parents: ['0x80415d8', '0x80415e0']
type: cond
adj_instr: 0x804162a

start_addr: 0x8041678
end_addr: 0x8041682
successors: ['0x8040ec8', '0x8040ed4', '0x8040f4c', '0x8040f68', '0x80409ca']
parents: ['0x804166a']
type: ret
adj_instr: None

start_addr: 0x8041690
end_addr: 0x8041692
successors: ['0x8041694', '0x80416a8']
parents: ['0x80416b0']
type: cond
adj_instr: 0x8041694

start_addr: 0x80416a2
end_addr: 0x80416a4
successors: ['0x80416a6', '0x80416b2']
parents: ['0x80416ba']
type: cond
adj_instr: 0x80416a6

-------------------
Indirect Calls:
start_addr: 0x80409bc
end_addr: 0x80409c6
successors: ['0x80401f8', '0x804021c', '0x8040238', '0x8040250', '0x8040294', '0x8040344', '0x8040394', '0x80409dc', '0x8040d00', '0x8040dcc', '0x8040e0a', '0x8040e3c', '0x8040e78', '0x8040f3c', '0x8040f58', '0x8040f74', '0x8040fac', '0x8040fc0', '0x8041008', '0x804100e', '0x8041014', '0x8041022', '0x8041030', '0x804103c', '0x804104c', '0x8041064', '0x8041070', '0x8041078', '0x8041086', '0x804108c', '0x804109a', '0x80410b4', '0x80410b6', '0x80410ec', '0x8041164', '0x804118c', '0x80411d4', '0x80411f0', '0x8041244', '0x80412ac', '0x80412f0', '0x8041306', '0x804133a', '0x8041354', '0x8041654', '0x8041684', '0x80416cc', '0x80416d8', '0x80416e8', '0x80416f8', '0x8041718', '0x8041728', '0x8060000']
parents: ['0x80409a4', '0x80409b4', '0x80409ae']
type: call
adj_instr: 0x80409ca
-------------------

Indirect Jumps:
start_addr: 0x80403ea
end_addr: 0x80403f4
successors: ['0x80405d8', '0x80405e0', '0x80405e8', '0x80405f0', '0x80405f8', '0x8040600', '0x8040608', '0x8040610', '0x8040618', '0x8040620', '0x8040628', '0x8040630', '0x8040638', '0x8040640', '0x8040648', '0x8040650', '0x8040658', '0x8040660', '0x8040668', '0x8040670', '0x8040678', '0x8040680', '0x8040688', '0x8040690', '0x8040698', '0x80406a0', '0x80406a8', '0x80406b0', '0x80406b8', '0x80406c0', '0x80406c8', '0x80406dc', '0x80406e4', '0x80406ec', '0x80406f4', '0x80406fc', '0x8040704', '0x804070c', '0x8040714', '0x804071c', '0x8040724', '0x804072c', '0x8040734', '0x804073c', '0x8040744', '0x804074c', '0x8040754', '0x804075c', '0x8040764', '0x804076c', '0x8040774', '0x804077c', '0x8040784', '0x804078c', '0x8040794', '0x804079c', '0x80407a4', '0x80407ac', '0x80407b4', '0x80407bc', '0x80407c4', '0x80407cc', '0x80407d4', '0x80407dc', '0x80407e4', '0x80407ec', '0x80407f4', '0x80407fc', '0x8040804', '0x804080c', '0x8040814', '0x804081c', '0x8040824', '0x804082c', '0x8040834', '0x804083c', '0x8040844', '0x804084c', '0x8040854', '0x804085c', '0x8040864', '0x804086c', '0x8040874', '0x804087c', '0x8040884', '0x804088c', '0x8040894', '0x804089c', '0x80408a4', '0x80408ac', '0x80408b4', '0x80408bc', '0x80408c4', '0x80408cc', '0x80408d4', '0x80408dc', '0x80408e4', '0x80408ec', '0x80408f4', '0x80408fc', '0x8040904', '0x804090c', '0x8040914', '0x804091c', '0x8040924', '0x804092c', '0x8040934', '0x804093c', '0x8040944', '0x804094c', '0x8040954', '0x804095c', '0x8040964', '0x804096c', '0x8040974', '0x804097c', '0x8040984', '0x804098c', '0x8040994', '0x804099c']
parents: ['0x80403de']
type: uncond
adj_instr: 0x80405d8
start_addr: 0x80409f6
end_addr: 0x8040a00
successors: ['0x8040af4', '0x8040afc', '0x8040b04', '0x8040b0c', '0x8040b14', '0x8040b1c', '0x8040b24', '0x8040b2c', '0x8040b34', '0x8040b3c', '0x8040b44', '0x8040b4c', '0x8040b54', '0x8040b5c', '0x8040b64', '0x8040b6c', '0x8040b74', '0x8040b7c', '0x8040b84', '0x8040b8c', '0x8040b94', '0x8040b9c', '0x8040ba4', '0x8040bac', '0x8040bb4', '0x8040bbc', '0x8040bc4', '0x8040bcc', '0x8040bd4', '0x8040bdc', '0x8040be4', '0x8040bec', '0x8040bf4', '0x8040bfc', '0x8040c04', '0x8040c0c', '0x8040c14', '0x8040c1c', '0x8040c24', '0x8040c2c', '0x8040c34', '0x8040c3c', '0x8040c44', '0x8040c4c', '0x8040c54', '0x8040c5c', '0x8040c64', '0x8040c6c', '0x8040c74', '0x8040c7c', '0x8040c84', '0x8040c8c', '0x8040c94', '0x8040c9c', '0x8040ca4', '0x8040cac', '0x8040cb4', '0x8040cbc', '0x8040cc4', '0x8040ccc']
parents: ['0x80409ea']
type: uncond
adj_instr: 0x8040af4
start_addr: 0x8040d18
end_addr: 0x8040d22
successors: ['0x8040d50', '0x8040d58', '0x8040d60', '0x8040d68', '0x8040d70', '0x8040d78', '0x8040d80', '0x8040d88', '0x8040d90', '0x8040d98']
parents: ['0x8040d0e']
type: uncond
adj_instr: 0x8040d50
-------------------

