
40.48919677734375, 10.237693786621094, 0.023365020751953125, 
40.132761001586914, 8.031129837036133, 0.0209808349609375, 
51.46026611328125, 9.869575500488281, 0.027418136596679688, 85282.46927261353, 
48.28286170959473, 9.536981582641602, 0.025033950805664062, 277.8191566467285, 
43.32852363586426, 8.375883102416992, 8.752822875976562, 7.873058319091797, 
50.36664009094238, 8.205890655517578, 0.022411346435546875, 1325.0939846038818, 
49.03674125671387, 8.800029754638672, 0.026702880859375, 1307.1174621582031, 
49.20029640197754, 10.148763656616211, 0.027418136596679688, 1250.2458095550537, 2.3064613342285156, 841.691255569458, 
41.92304611206055, 9.117841720581055, 0.0286102294921875, 1977.773666381836, 1.8613338470458984, 1205.885648727417, 
43.733835220336914, 12.357473373413086, 
44.21114921569824, 39.726972579956055, 0.20241737365722656, 1959.9573612213135, 3.5614967346191406, 1166.8400764465332, 
42.24348068237305, 9.107828140258789, 0.028133392333984375, 1214.4217491149902, 1.615762710571289, 813.8010501861572, 
44.12841796875, 8.207082748413086, 
41.29147529602051, 13.449668884277344, 0.020503997802734375, 1585.4454040527344, 2.0520687103271484, 997.8575706481934, 
46.01573944091797, 10.924339294433594, 11.19375228881836, 
48.13694953918457, 31.476736068725586, 0.06794929504394531, 1674.4487285614014, 2.828836441040039, 1129.6563148498535, 
47.830820083618164, 9.686470031738281, 0.021696090698242188, 1860.8019351959229, 1.8262863159179688, 1105.1881313323975, 
47.13320732116699, 10.805130004882812, 0.03814697265625, 2064.2244815826416, 1.752614974975586, 1232.2442531585693, 
48.853158950805664, 31.954526901245117, 0.06604194641113281, 1699.0509033203125, 3.032684326171875, 1070.004940032959, 
44.698476791381836, 43.892621994018555, 0.3800392150878906, 3274.8258113861084, 3.2210350036621094, 1275.3088474273682, 
48.520803451538086, 8.385658264160156, 0.02765655517578125, 1370.966911315918, 1.9626617431640625, 1037.5986099243164, 
46.45991325378418, 8.942604064941406, 0.029802322387695312, 1376.6534328460693, 1.970052719116211, 903.2745361328125, 
56.85591697692871, 9.286880493164062, 0.025272369384765625, 1976.8590927124023, 1.7707347869873047, 1198.8861560821533, 
48.28000068664551, 8.132219314575195, 0.027418136596679688, 1920.792818069458, 1.9137859344482422, 1177.943229675293, 
48.15387725830078, 10.14852523803711, 0.06103515625, 2414.4880771636963, 2.329111099243164, 
61.664581298828125, 46.40460014343262, 0.1087188720703125, 1834.502935409546, 2.8679370880126953, 
50.978899002075195, 45.380592346191406, 0.2028942108154297, 3399.1777896881104, 4.080295562744141, 
44.44074630737305, 10.340213775634766, 0.029087066650390625, 1377.3994445800781, 1.861572265625, 
52.084922790527344, 8.722305297851562, 0.025033950805664062, 1343.369722366333, 2.2611618041992188, 
47.7900505065918, 8.367061614990234, 0.02193450927734375, 1926.987886428833, 3.5631656646728516, 
49.700021743774414, 8.885860443115234, 0.023603439331054688, 1687.9267692565918, 1.9030570983886719, 
47.26290702819824, 10.433197021484375, 0.03266334533691406, 2146.423578262329, 2.1872520446777344, 1260.9632015228271, 
53.13420295715332, 32.256126403808594, 0.06771087646484375, 1707.744836807251, 3.0410289764404297, 1042.6025390625, 
47.510385513305664, 38.79094123840332, 0.4220008850097656, 2181.810140609741, 3.6156177520751953, 1255.0535202026367, 
48.1562614440918, 8.751153945922852, 0.030040740966796875, 1349.684238433838, 2.341032028198242, 887.7604007720947, 
44.3873405456543, 11.852025985717773, 0.026702880859375, 1338.5851383209229, 1.7743110656738281, 1947.2899436950684, 
44.5408821105957, 9.144067764282227, 0.026941299438476562, 1919.2054271697998, 1.6977787017822266, 1146.117925643921, 
43.03407669067383, 7.465600967407227, 0.026702880859375, 1784.9454879760742, 1.7819404602050781, 1087.935447692871, 
52.35695838928223, 10.751962661743164, 0.027894973754882812, 2147.333860397339, 1.7850399017333984, 
50.16517639160156, 17.097949981689453, 0.03695487976074219, 2040.8542156219482, 1.9168853759765625, 
47.08361625671387, 32.086849212646484, 0.06961822509765625, 1633.1188678741455, 2.5207996368408203, 
42.578935623168945, 42.1452522277832, 0.24175643920898438, 1958.8477611541748, 3.548860549926758, 
46.25391960144043, 9.665489196777344, 0.025272369384765625, 1246.3915348052979, 1.882791519165039, 
51.625728607177734, 8.130073547363281, 0.027418136596679688, 1224.4768142700195, 1.8870830535888672, 
44.57974433898926, 8.379459381103516, 0.025272369384765625, 1720.3729152679443, 1.806497573852539, 
43.71976852416992, 8.856534957885742, 0.019550323486328125, 1552.7899265289307, 2.1457672119140625, 
74.76615905761719, 17.345905303955078, 0.03838539123535156, 2394.416332244873, 2.964496612548828, 
53.295135498046875, 33.310890197753906, 0.03409385681152344, 2340.675115585327, 3.8652420043945312, 
55.272817611694336, 53.671836853027344, 0.07367134094238281, 1865.1866912841797, 4.464387893676758, 
54.01897430419922, 74.82361793518066, 0.24890899658203125, 2195.7781314849854, 5.245447158813477, 
53.46417427062988, 13.806581497192383, 0.03552436828613281, 1346.4200496673584, 2.933025360107422, 
56.63180351257324, 14.928817749023438, 0.026702880859375, 1357.4943542480469, 3.1108856201171875, 
54.77023124694824, 14.727592468261719, 0.030517578125, 1967.3285484313965, 2.210378646850586, 
54.57639694213867, 22.567272186279297, 0.02288818359375, 1776.944637298584, 2.8574466705322266, 
52.50859260559082, 15.903472900390625, 0.036716461181640625, 2158.1928730010986, 2.9935836791992188, 
47.54281044006348, 10.473012924194336, 0.027418136596679688, 1905.2345752716064, 1.9545555114746094, 
41.55588150024414, 10.470390319824219, 0.02956390380859375, 1913.1712913513184, 1.8277168273925781, 1171.9169616699219, 
53.432464599609375, 9.101390838623047, 0.03910064697265625, 2059.7801208496094, 0.0934600830078125, 1.0874271392822266, 315.40703773498535, 1.8117427825927734, 45.63188552856445, 1182.624101638794, 10.656356811523438, 0.027894973754882812, 1991.6529655456543, 0.08416175842285156, 1.008749008178711, 300.9326457977295, 2.166748046875, 
44.45457458496094, 13.039588928222656, 0.15878677368164062, 
45.30978202819824, 33.559560775756836, 0.9486675262451172, 1936.7117881774902, 
43.00093650817871, 9.57036018371582, 0.40721893310546875, 1931.060552597046, 
45.12166976928711, 14.584779739379883, 0.08797645568847656, 1928.9233684539795, 
48.80380630493164, 7.993459701538086, 2.89154052734375, 2000.8759498596191, 
42.90509223937988, 9.163856506347656, 0.12040138244628906, 1935.4641437530518, 
44.97480392456055, 12.340068817138672, 0.17523765563964844, 1999.6061325073242, 
44.64387893676758, 7.896900177001953, 0.048160552978515625, 951.9915580749512, 
52.64592170715332, 9.32765007019043, 0.19979476928710938, 
45.40395736694336, 
46.819210052490234, 6.892681121826172, 0.15544891357421875, 3803.935766220093, 
45.46046257019043, 6.47425651550293, 0.15807151794433594, 3859.380006790161, 
44.675588607788086, 8.291959762573242, 0.1621246337890625, 1917.7265167236328, 
44.241905212402344, 7.197380065917969, 0.04673004150390625, 897.4554538726807, 
41.83030128479004, 7.818698883056641, 0.049114227294921875, 857.7325344085693, 
40.72141647338867, 7.812976837158203, 0.0400543212890625, 1849.6251106262207, 2.0134449005126953, 1136.7743015289307, 
46.10133171081543, 30.93552589416504, 0.06031990051269531, 1555.4897785186768, 2.4552345275878906, 2064.5973682403564, 
69.97990608215332, 58.544158935546875, 0.20647048950195312, 2119.2824840545654, 3.329038619995117, 1153.998613357544, 
43.01095008850098, 8.945941925048828, 0.03695487976074219, 1216.4041996002197, 2.1517276763916016, 802.6525974273682, 
50.39405822753906, 9.553194046020508, 0.029802322387695312, 1301.3348579406738, 1.6455650329589844, 819.504976272583, 
53.93862724304199, 9.224176406860352, 0.025510787963867188, 1885.1444721221924, 1.8811225891113281, 1085.7231616973877, 
51.51557922363281, 7.9135894775390625, 0.019788742065429688, 1608.4480285644531, 2.0585060119628906, 1018.3959007263184, 
45.838117599487305, 8.540868759155273, 0.030279159545898438, 2007.6143741607666, 1.844167709350586, 1184.3204498291016, 
43.90764236450195, 32.06014633178711, 0.06628036499023438, 1641.9494152069092, 3.278970718383789, 1010.0033283233643, 
46.811819076538086, 40.89045524597168, 0.20742416381835938, 1973.2279777526855, 3.4580230712890625, 2282.712936401367, 
43.06840896606445, 8.019447326660156, 0.02956390380859375, 1244.4307804107666, 2.0036697387695312, 822.5271701812744, 
44.02661323547363, 9.842872619628906, 0.02765655517578125, 1242.1844005584717, 1.7364025115966797, 821.9594955444336, 
41.407108306884766, 8.556604385375977, 0.030994415283203125, 1808.0511093139648, 1.735687255859375, 1086.8549346923828, 
44.1896915435791, 7.841825485229492, 0.020742416381835938, 1638.5836601257324, 1.8620491027832031, 1024.5544910430908, 
46.18215560913086, 6.679058074951172, 0.1430511474609375, 2006.7133903503418, 
46.160221099853516, 30.50684928894043, 0.8935928344726562, 1908.0164432525635, 
42.708396911621094, 7.358551025390625, 0.3857612609863281, 1948.099136352539, 
44.14820671081543, 7.233858108520508, 0.08559226989746094, 1894.1705226898193, 
45.046091079711914, 7.192134857177734, 3.177165985107422, 1876.7776489257812, 
44.214487075805664, 6.801366806030273, 0.14925003051757812, 2060.7430934906006, 
42.104244232177734, 6.818294525146484, 0.18095970153808594, 1976.7613410949707, 
15.144586563110352, 14.993906021118164, 0.025510787963867188, 5445.101499557495, 
17.377376556396484, 53.92599105834961, 0.12373924255371094, 3875.6816387176514, 0.05030632019042969, 29.252052307128906, 321.3634490966797, 3.7784576416015625, 
12.533903121948242, 48.975467681884766, 0.3883838653564453, 2697.606086730957, 0.05555152893066406, 26.902198791503906, 333.74953269958496, 3.2215118408203125, 
12.150049209594727, 15.739917755126953, 0.0553131103515625, 3462.1288776397705, 0.057220458984375, 30.286788940429688, 317.8670406341553, 4.028081893920898, 
12.16745376586914, 16.92962646484375, 0.03266334533691406, 5637.0368003845215, 
11.716127395629883, 16.977787017822266, 0.024318695068359375, 4841.366529464722, 0.09489059448242188, 31.793594360351562, 338.94920349121094, 3.1299591064453125, 
12.252569198608398, 17.2421932220459, 0.03266334533691406, 3363.234281539917, 0.05626678466796875, 37.844181060791016, 304.86321449279785, 3.6096572875976562, 
11.680841445922852, 15.553474426269531, 0.030517578125, 3116.621255874634, 0.05555152893066406, 25.26235580444336, 304.5334815979004, 2.932310104370117, 1841.7882919311523, 
13.830900192260742, 14.569282531738281, 0.025987625122070312, 5158.799648284912, 
17.70925521850586, 48.314809799194336, 0.12636184692382812, 2666.4230823516846, 0.06270408630371094, 26.583194732666016, 326.019287109375, 3.896474838256836, 1602.5385856628418, 
13.106107711791992, 47.01066017150879, 0.4360675811767578, 2672.940492630005, 0.053882598876953125, 28.538227081298828, 317.9943561553955, 3.092527389526367, 1632.1914196014404, 
12.783527374267578, 18.158912658691406, 0.02956390380859375, 3387.422561645508, 0.05650520324707031, 27.827978134155273, 320.07837295532227, 3.978252410888672, 1952.33154296875, 
14.383554458618164, 14.088153839111328, 0.021457672119140625, 15381.58130645752, 
12.644767761230469, 17.157554626464844, 0.03409385681152344, 5440.661907196045, 
13.034820556640625, 16.645193099975586, 0.027179718017578125, 4945.704460144043, 0.05245208740234375, 26.209592819213867, 313.7526512145996, 4.101753234863281, 2674.973487854004, 
14.401912689208984, 14.752864837646484, 0.1704692840576172, 650.275468826294, 1.0781288146972656, 32.558441162109375, 3.319263458251953, 26.279449462890625, 662.7216339111328, 
19.22917366027832, 50.74477195739746, 1.9958019256591797, 685.56809425354, 0.8876323699951172, 29.33359146118164, 2.786874771118164, 16.81661605834961, 645.2491283416748, 
14.27006721496582, 6.993770599365234, 0.5915164947509766, 612.5564575195312, 0.9584426879882812, 25.168180465698242, 2.6013851165771484, 9.826183319091797, 625.2427101135254, 
13.858318328857422, 8.335113525390625, 0.10895729064941406, 632.4434280395508, 0.8373260498046875, 27.585268020629883, 1.5375614166259766, 10.343313217163086, 657.5725078582764, 
18.42665672302246, 7.108926773071289, 0.244140625, 665.7915115356445, 0.9093284606933594, 29.01172637939453, 1.3895034790039062, 12.575864791870117, 774.9199867248535, 
14.244556427001953, 8.35275650024414, 0.16736984252929688, 656.2776565551758, 0.9121894836425781, 25.208473205566406, 2.3720264434814453, 10.039329528808594, 681.8375587463379, 
13.09823989868164, 6.767749786376953, 0.1690387725830078, 636.2230777740479, 1.237630844116211, 25.360584259033203, 1.5406608581542969, 9.335041046142578, 690.3059482574463, 
15.466928482055664, 15.937566757202148, 0.031232833862304688, 5368.278026580811, 
15.080451965332031, 14.786720275878906, 0.029325485229492188, 16450.486183166504, 
13.252496719360352, 16.179323196411133, 0.03218650817871094, 5669.106960296631, 
15.068292617797852, 15.726327896118164, 0.028371810913085938, 4948.620557785034, 
14.125585556030273, 14.146804809570312, 0.024557113647460938, 5053.776979446411, 0.4391670227050781, 26.579856872558594, 323.9920139312744, 3.0984878540039062, 2979.2239665985107, 
14.461040496826172, 13.939857482910156, 0.030279159545898438, 16372.778177261353, 1.0554790496826172, 28.797149658203125, 343.4462547302246, 4.0493011474609375, 8064.043998718262, 
11.861562728881836, 19.585609436035156, 0.054836273193359375, 5661.8804931640625, 0.2999305725097656, 25.364398956298828, 302.69503593444824, 3.6592483520507812, 3111.497402191162, 
12.942075729370117, 14.144182205200195, 0.023126602172851562, 6317.293167114258, 0.39887428283691406, 26.69811248779297, 321.49338722229004, 3.560304641723633, 3035.8262062072754, 
17.35210418701172, 47.50776290893555, 0.12278556823730469, 2661.3380908966064, 0.05602836608886719, 27.325153350830078, 308.7348937988281, 3.082752227783203, 1597.243309020996, 
12.163400650024414, 44.764041900634766, 0.41556358337402344, 2643.519401550293, 0.05698204040527344, 28.43499183654785, 299.3342876434326, 4.81104850769043, 1601.7193794250488, 
12.531518936157227, 15.199661254882812, 0.034809112548828125, 3355.7839393615723, 0.05888938903808594, 25.458574295043945, 327.8210163116455, 3.2393932342529297, 1962.9795551300049, 
12.711286544799805, 13.94343376159668, 0.021219253540039062, 15875.925302505493, 0.3142356872558594, 26.34882926940918, 313.95673751831055, 4.251003265380859, 7981.964826583862, 
13.522148132324219, 16.758441925048828, 0.03838539123535156, 5472.293138504028, 0.25653839111328125, 30.080556869506836, 307.4169158935547, 4.207134246826172, 3090.648412704468, 
11.203289031982422, 15.427589416503906, 0.03361701965332031, 4712.2766971588135, 0.05364418029785156, 26.064395904541016, 315.60564041137695, 3.9396286010742188, 3877.100706100464, 
15.369176864624023, 17.32659339904785, 0.18405914306640625, 671.9202995300293, 0.8955001831054688, 30.83944320678711, 3.5696029663085938, 26.633739471435547, 677.492618560791, 
19.907712936401367, 50.77862739562988, 2.115964889526367, 713.9520645141602, 0.7026195526123047, 29.5867919921875, 3.2083988189697266, 15.258550643920898, 633.991003036499, 
13.859033584594727, 7.444143295288086, 0.33211708068847656, 605.9417724609375, 1.3110637664794922, 25.834321975708008, 1.6484260559082031, 9.278297424316406, 636.1136436462402, 
13.178586959838867, 7.7533721923828125, 0.09107589721679688, 600.2376079559326, 0.8561611175537109, 24.65367317199707, 1.5611648559570312, 8.903980255126953, 619.7535991668701, 
14.258384704589844, 6.641864776611328, 0.2300739288330078, 654.5400619506836, 0.9036064147949219, 27.52089500427246, 2.031087875366211, 11.71255111694336, 644.8891162872314, 
15.414714813232422, 7.256031036376953, 0.26726722717285156, 633.7883472442627, 0.9725093841552734, 26.263952255249023, 1.5909671783447266, 10.008811950683594, 670.8836555480957, 
13.526678085327148, 6.2618255615234375, 0.15497207641601562, 639.9693489074707, 0.8351802825927734, 27.942657470703125, 1.6815662384033203, 11.181354522705078, 649.2605209350586, 
14.51253890991211, 15.19012451171875, 0.05936622619628906, 
44.594526290893555, 7.149457931518555, 0.16236305236816406, 1961.817741394043, 
43.26057434082031, 7.006406784057617, 0.156402587890625, 1859.4553470611572, 
47.84798622131348, 31.943559646606445, 1.1844635009765625, 1805.1645755767822, 
44.82674598693848, 8.742809295654297, 0.023365020751953125, 1143.928050994873, 2.020120620727539, 758.9037418365479, 
43.64275932312012, 7.387876510620117, 0.1506805419921875, 1816.1118030548096, 
40.40169715881348, 9.492635726928711, 0.03147125244140625, 1157.3007106781006, 1.9824504852294922, 787.6524925231934, 
40.277957916259766, 7.750272750854492, 0.12445449829101562, 1887.000560760498, 
42.88053512573242, 7.610082626342773, 0.08893013000488281, 1918.1780815124512, 
45.07732391357422, 9.401559829711914, 0.02574920654296875, 1246.0248470306396, 1.8537044525146484, 829.8230171203613, 
45.45283317565918, 9.28187370300293, 0.03337860107421875, 1886.7523670196533, 3.4401416778564453, 1227.1714210510254, 
12.762784957885742, 13.745307922363281, 0.026941299438476562, 5202.188968658447, 0.3535747528076172, 35.52603721618652, 337.6944065093994, 4.154682159423828, 2986.543655395508, 
42.29474067687988, 9.581804275512695, 0.25844573974609375, 1984.130620956421, 
15.304803848266602, 15.170574188232422, 0.26297569274902344, 617.5124645233154, 1.0297298431396484, 26.233911514282227, 2.8276443481445312, 25.19845962524414, 626.9404888153076, 
50.74715614318848, 30.201196670532227, 0.07271766662597656, 2695.1205730438232, 2.8772354125976562, 976.3505458831787, 
17.238140106201172, 47.85633087158203, 0.152587890625, 2839.879274368286, 0.06580352783203125, 29.085159301757812, 323.5197067260742, 3.843545913696289, 1611.3877296447754, 
44.15726661682129, 30.47943115234375, 1.0843276977539062, 2058.533191680908, 
20.73502540588379, 49.700260162353516, 1.6074180603027344, 697.0832347869873, 0.8935928344726562, 29.674053192138672, 2.8181076049804688, 13.975381851196289, 673.6688613891602, 
43.57576370239258, 41.41044616699219, 0.22029876708984375, 2044.2488193511963, 3.1714439392089844, 1132.910966873169, 
12.465953826904297, 49.81207847595215, 0.4024505615234375, 2735.265016555786, 0.05269050598144531, 26.368141174316406, 309.1392517089844, 3.6602020263671875, 1578.1207084655762, 
42.8617000579834, 8.082866668701172, 0.3952980041503906, 1973.4838008880615, 
13.021230697631836, 9.262561798095703, 0.3771781921386719, 623.5988140106201, 0.9789466857910156, 26.154279708862305, 1.8088817596435547, 10.425806045532227, 1651.5860557556152, 
47.348737716674805, 8.389472961425781, 0.028133392333984375, 1338.1469249725342, 1.9381046295166016, 880.9909820556641, 
13.447284698486328, 19.4704532623291, 0.033855438232421875, 3445.434331893921, 0.08535385131835938, 26.26824378967285, 358.4921360015869, 3.9479732513427734, 1995.150089263916, 
45.67599296569824, 9.213447570800781, 0.08702278137207031, 1943.753957748413, 
18.874168395996094, 8.425474166870117, 0.1087188720703125, 657.1118831634521, 0.8950233459472656, 29.375076293945312, 1.9576549530029297, 12.843608856201172, 701.383113861084, 
45.627593994140625, 9.638309478759766, 0.026941299438476562, 1315.9663677215576, 1.77764892578125, 890.8843994140625, 
15.403270721435547, 14.764070510864258, 0.023126602172851562, 17955.355644226074, 0.4284381866455078, 29.13188934326172, 340.9554958343506, 4.200458526611328, 8547.299146652222, 
46.16117477416992, 7.756471633911133, 3.2465457916259766, 2022.359848022461, 
15.931367874145508, 7.9193115234375, 0.23555755615234375, 692.2063827514648, 0.8251667022705078, 28.56135368347168, 1.7039775848388672, 13.978958129882812, 674.2141246795654, 
43.070077896118164, 8.11624526977539, 0.020742416381835938, 1916.046380996704, 1.8727779388427734, 1172.8215217590332, 
13.989686965942383, 18.45383644104004, 0.033855438232421875, 7236.882448196411, 0.2624988555908203, 32.3483943939209, 365.3895854949951, 3.5703182220458984, 3469.557046890259, 
45.20082473754883, 7.4558258056640625, 0.13709068298339844, 2101.840019226074, 
14.039993286132812, 8.78143310546875, 0.25963783264160156, 722.1088409423828, 0.9930133819580078, 33.89906883239746, 1.3904571533203125, 11.57379150390625, 762.5787258148193, 
42.49429702758789, 8.544445037841797, 0.0247955322265625, 1602.0410060882568, 2.001047134399414, 1042.1571731567383, 
11.512041091918945, 27.068376541137695, 0.027179718017578125, 4817.185401916504, 0.05793571472167969, 28.682947158813477, 316.7431354522705, 3.415346145629883, 2581.3300609588623, 
41.216135025024414, 7.80487060546875, 0.1220703125, 1904.5190811157227, 
16.4945125579834, 11.222124099731445, 0.14638900756835938, 815.7055377960205, 1.3720989227294922, 35.04490852355957, 2.557992935180664, 10.72239875793457, 753.4737586975098, 
46.88310623168945, 9.389638900756836, 8.373260498046875, 9.361505508422852, 8.412599563598633, 
48.0198860168457, 10.820865631103516, 0.0247955322265625, 1404.444694519043, 2.599000930786133, 868.0529594421387, 
44.83151435852051, 9.854793548583984, 0.032901763916015625, 3099.3661880493164, 1.7442703247070312, 1227.9036045074463, 
14.397382736206055, 15.581846237182617, 0.023603439331054688, 5640.584945678711, 0.32973289489746094, 28.992891311645508, 315.42372703552246, 3.650665283203125, 3304.471969604492, 
44.385671615600586, 8.22305679321289, 0.1685619354248047, 2125.514507293701, 
15.607595443725586, 18.764257431030273, 0.39315223693847656, 688.6959075927734, 1.070261001586914, 28.444528579711914, 3.33404541015625, 27.0845890045166, 698.1849670410156, 
55.68861961364746, 36.18907928466797, 0.06437301635742188, 1727.409839630127, 3.4313201904296875, 1044.8403358459473, 
20.05624771118164, 57.938337326049805, 0.15020370483398438, 3181.0531616210938, 0.056743621826171875, 33.873796463012695, 365.0093078613281, 3.740072250366211, 1721.883773803711, 
49.23701286315918, 31.91852569580078, 1.0111331939697266, 2116.13130569458, 
20.449161529541016, 57.169437408447266, 1.8489360809326172, 784.7630977630615, 0.9486675262451172, 31.553983688354492, 3.404378890991211, 14.700889587402344, 734.3382835388184, 
44.113874435424805, 49.329519271850586, 0.24271011352539062, 2205.258846282959, 3.164529800415039, 1304.5859336853027, 
11.484384536743164, 58.91251564025879, 0.4029273986816406, 2879.384756088257, 0.054836273193359375, 27.174711227416992, 316.3623809814453, 3.3922195434570312, 1657.5193405151367, 
46.979427337646484, 7.2994232177734375, 0.4916191101074219, 2055.727958679199, 
12.496232986450195, 7.442951202392578, 0.32520294189453125, 704.7667503356934, 0.9109973907470703, 29.744386672973633, 1.6198158264160156, 10.915040969848633, 678.3561706542969, 
45.560598373413086, 8.477210998535156, 0.03218650817871094, 1318.3000087738037, 2.0101070404052734, 883.9688301086426, 
14.571428298950195, 17.364978790283203, 0.03457069396972656, 4659.923076629639, 0.07271766662597656, 29.526710510253906, 316.0414695739746, 3.416776657104492, 2068.1071281433105, 
47.515153884887695, 8.225679397583008, 0.25725364685058594, 2137.4499797821045, 
13.926982879638672, 7.96818733215332, 0.09131431579589844, 676.3129234313965, 0.9973049163818359, 35.257577896118164, 1.8362998962402344, 15.717029571533203, 692.4922466278076, 
45.9442138671875, 9.996414184570312, 0.03528594970703125, 1370.1558113098145, 1.9371509552001953, 947.882890701294, 
14.87278938293457, 14.176368713378906, 0.025033950805664062, 17524.954795837402, 0.5793571472167969, 27.469396591186523, 345.38722038269043, 4.229307174682617, 8765.91968536377, 
49.53479766845703, 6.270170211791992, 3.5538673400878906, 2029.2346477508545, 
14.749765396118164, 7.195234298706055, 0.23651123046875, 687.6199245452881, 1.0437965393066406, 28.35988998413086, 1.3606548309326172, 11.938095092773438, 648.3888626098633, 
46.40817642211914, 9.391546249389648, 0.03409385681152344, 1914.586067199707, 1.943826675415039, 1152.036428451538, 
13.247251510620117, 16.9064998626709, 0.03743171691894531, 5894.344329833984, 0.43272972106933594, 27.907848358154297, 314.74757194519043, 3.3249855041503906, 3345.724582672119, 
42.56606101989746, 6.600141525268555, 0.18334388732910156, 1999.3972778320312, 
17.26245880126953, 9.249687194824219, 0.21505355834960938, 680.2370548248291, 0.8745193481445312, 29.40535545349121, 2.0461082458496094, 10.468244552612305, 675.1539707183838, 
43.115854263305664, 8.172750473022461, 0.019073486328125, 1745.4168796539307, 1.767873764038086, 1058.2876205444336, 
11.81340217590332, 16.897201538085938, 0.021457672119140625, 5215.944290161133, 0.05364418029785156, 29.504060745239258, 325.1307010650635, 4.736185073852539, 2926.4917373657227, 
45.92561721801758, 6.93202018737793, 0.11396408081054688, 2103.168487548828, 
13.983964920043945, 8.09931755065918, 0.16999244689941406, 684.3795776367188, 1.1501312255859375, 26.57008171081543, 1.554250717163086, 11.030197143554688, 695.2517032623291, 
43.24769973754883, 8.565664291381836, 0.029802322387695312, 1232.5117588043213, 3.090381622314453, 790.440559387207, 
45.236825942993164, 9.872913360595703, 0.04076957702636719, 2139.79172706604, 1.7285346984863281, 1236.4280223846436, 
47.54638671875, 31.07166290283203, 0.0667572021484375, 1694.521427154541, 3.302335739135742, 1146.2743282318115, 
48.004150390625, 41.81838035583496, 0.2346038818359375, 2130.6047439575195, 6.540060043334961, 1252.9008388519287, 
45.583486557006836, 8.410453796386719, 0.025510787963867188, 1313.0216598510742, 3.1147003173828125, 861.0131740570068, 
51.09763145446777, 10.486841201782227, 0.03266334533691406, 1358.8709831237793, 1.7161369323730469, 920.0420379638672, 
49.90434646606445, 14.865636825561523, 0.0362396240234375, 2017.0629024505615, 2.0613670349121094, 1267.3749923706055, 
43.72811317443848, 9.32765007019043, 0.0209808349609375, 1795.598030090332, 2.3043155670166016, 1160.219669342041, 
45.09377479553223, 9.814977645874023, 0.030279159545898438, 2121.0126876831055, 1.889944076538086, 1219.9714183807373, 
15.309333801269531, 14.76430892944336, 0.02765655517578125, 5520.184516906738, 0.3285408020019531, 27.589797973632812, 317.216157913208, 3.8144588470458984, 4505.476474761963, 
45.27568817138672, 7.539033889770508, 0.16880035400390625, 2210.7691764831543, 
15.58542251586914, 18.94998550415039, 0.17309188842773438, 715.5890464782715, 0.8873939514160156, 28.62262725830078, 3.1342506408691406, 30.458927154541016, 694.2570209503174, 
49.75104331970215, 32.605648040771484, 0.11086463928222656, 1857.8524589538574, 3.451824188232422, 1137.3400688171387, 
19.43659782409668, 56.71405792236328, 0.12969970703125, 2976.9625663757324, 0.06365776062011719, 27.2519588470459, 321.64955139160156, 3.1821727752685547, 1755.7740211486816, 
47.235727310180664, 31.113386154174805, 0.87738037109375, 2300.2705574035645, 
17.847776412963867, 53.3900260925293, 1.8758773803710938, 802.9439449310303, 1.230478286743164, 35.64572334289551, 3.918886184692383, 22.149324417114258, 771.3267803192139, 
58.608293533325195, 42.092323303222656, 0.24652481079101562, 3326.2484073638916, 4.072904586791992, 1388.0894184112549, 
12.65573501586914, 58.56442451477051, 0.40411949157714844, 3162.9433631896973, 0.05888938903808594, 26.842594146728516, 309.9982738494873, 3.8552284240722656, 1808.8650703430176, 
49.681663513183594, 8.057355880737305, 0.3693103790283203, 2153.5792350769043, 
14.270544052124023, 8.437871932983398, 0.3578662872314453, 563.9362335205078, 1.0986328125, 27.786731719970703, 1.4882087707519531, 8.690118789672852, 556.628942489624, 
44.471025466918945, 10.304689407348633, 0.0324249267578125, 1221.930980682373, 2.8226375579833984, 767.690896987915, 
12.626409530639648, 18.728256225585938, 0.03838539123535156, 3177.121162414551, 0.07295608520507812, 31.738996505737305, 315.5176639556885, 4.080295562744141, 1910.0427627563477, 
43.79868507385254, 8.031606674194336, 0.11420249938964844, 1821.4054107666016, 
12.907028198242188, 10.521173477172852, 0.09870529174804688, 1744.5638179779053, 1.0006427764892578, 30.84278106689453, 1.6222000122070312, 9.927034378051758, 593.8022136688232, 
46.60654067993164, 10.580301284790039, 0.033855438232421875, 1141.150712966919, 1.9524097442626953, 754.5516490936279, 
14.466524124145508, 15.612602233886719, 0.03457069396972656, 13622.818231582642, 0.35071372985839844, 33.96892547607422, 305.6907653808594, 3.76129150390625, 7461.0276222229, 
46.67496681213379, 9.752511978149414, 2.8450489044189453, 1864.8452758789062, 
17.165660858154297, 9.702205657958984, 0.29659271240234375, 663.9163494110107, 0.9546279907226562, 30.133962631225586, 1.7080307006835938, 11.808395385742188, 617.577075958252, 
45.07637023925781, 11.035680770874023, 0.02956390380859375, 1808.4218502044678, 2.4971961975097656, 1027.3118019104004, 
14.83154296875, 22.59969711303711, 0.03814697265625, 5250.756502151489, 0.28395652770996094, 31.39209747314453, 318.70102882385254, 4.725456237792969, 2785.2835655212402, 
42.977333068847656, 8.104085922241211, 0.12350082397460938, 1822.589635848999, 
14.091730117797852, 8.315324783325195, 0.194549560546875, 587.2278213500977, 0.8296966552734375, 28.8240909576416, 1.8086433410644531, 9.349584579467773, 605.0667762756348, 
43.25222969055176, 8.817195892333984, 0.023603439331054688, 1546.2534427642822, 1.8498897552490234, 869.7855472564697, 
11.776447296142578, 16.71576499938965, 0.02288818359375, 4394.937753677368, 0.05269050598144531, 33.92982482910156, 324.91278648376465, 3.9339065551757812, 3659.0311527252197, 
42.81187057495117, 7.485389709472656, 0.1201629638671875, 1779.9761295318604, 
13.494014739990234, 7.933855056762695, 0.18072128295898438, 556.7872524261475, 0.9050369262695312, 28.278589248657227, 1.3790130615234375, 9.602785110473633, 584.1102600097656, 
14.33706283569336, 17.41790771484375, 0.030517578125, 3195.676326751709, 0.05507469177246094, 31.07309341430664, 320.8777904510498, 3.8444995880126953, 1827.242136001587, 
11.949539184570312, 14.92619514465332, 0.030517578125, 3360.8036041259766, 0.06723403930664062, 27.19879150390625, 342.1895503997803, 4.908323287963867, 1638.218879699707, 
13.579368591308594, 18.387317657470703, 0.031232833862304688, 3378.6215782165527, 0.07748603820800781, 26.664257049560547, 329.939603805542, 4.067897796630859, 1938.5011196136475, 
14.126300811767578, 22.699832916259766, 0.029802322387695312, 3034.1475009918213, 0.08893013000488281, 48.61903190612793, 549.5102405548096, 4.336357116699219, 1746.7396259307861, 
14.806032180786133, 19.184350967407227, 0.04124641418457031, 4411.901473999023, 0.06127357482910156, 32.40156173706055, 315.2313232421875, 4.71186637878418, 3175.3995418548584, 
13.155937194824219, 19.583702087402344, 0.04458427429199219, 4066.617488861084, 0.06794929504394531, 31.918764114379883, 340.94738960266113, 5.390405654907227, 3208.9624404907227, 
15.656709671020508, 20.062685012817383, 0.06008148193359375, 7051.402568817139, 0.09441375732421875, 31.885147094726562, 326.6756534576416, 4.015445709228516, 5364.074945449829, 
13.327598571777344, 15.989303588867188, 0.024080276489257812, 7081.057548522949, 0.06866455078125, 34.52730178833008, 334.31553840637207, 4.456996917724609, 5519.965410232544, 
22.172212600708008, 57.77883529663086, 0.2307891845703125, 3676.8290996551514, 0.07486343383789062, 37.66226768493652, 355.87096214294434, 3.5991668701171875, 2853.1599044799805, 
13.595819473266602, 54.50892448425293, 0.37860870361328125, 3577.5158405303955, 0.057697296142578125, 34.32631492614746, 329.3414115905762, 3.5736560821533203, 3080.798864364624, 
17.21501350402832, 15.756607055664062, 0.031232833862304688, 20809.617280960083, 0.4563331604003906, 41.96524620056152, 417.91534423828125, 4.298925399780273, 13618.387699127197, 
13.527393341064453, 17.427682876586914, 0.0247955322265625, 4585.410118103027, 0.10180473327636719, 40.743112564086914, 451.0946273803711, 5.053043365478516, 3885.0958347320557, 
60.43887138366699, 32.46665000915527, 0.029802322387695312, 2542.889356613159, 6.62684440612793, 1595.0593948364258, 
17.376184463500977, 21.97265625, 0.04172325134277344, 7631.625413894653, 0.08344650268554688, 36.49306297302246, 378.7558078765869, 4.911661148071289, 7565.404653549194, 
63.782453536987305, 11.568784713745117, 0.1659393310546875, 2835.6873989105225, 
20.666837692260742, 37.73045539855957, 0.38433074951171875, 717.7913188934326, 1.888275146484375, 45.55916786193848, 5.893707275390625, 50.32682418823242, 768.3978080749512, 
55.92465400695801, 49.89147186279297, 0.1552104949951172, 1628.666877746582, 3.844022750854492, 1009.0913772583008, 
21.19588851928711, 73.81582260131836, 0.13518333435058594, 3001.6229152679443, 0.0591278076171875, 31.45146369934082, 360.3987693786621, 4.714250564575195, 3119.1415786743164, 
68.64643096923828, 57.51657485961914, 3.0069351196289062, 2639.723539352417, 
19.214391708374023, 64.64409828186035, 3.1926631927490234, 2850.647449493408, 1.7805099487304688, 33.06150436401367, 3.0477046966552734, 16.55721664428711, 734.1585159301758, 
45.76230049133301, 52.629709243774414, 0.24771690368652344, 2341.7105674743652, 3.3111572265625, 1371.389627456665, 
15.810489654541016, 62.482357025146484, 0.4456043243408203, 3405.4276943206787, 0.08821487426757812, 32.958030700683594, 314.3622875213623, 3.812551498413086, 2592.219591140747, 
50.14157295227051, 13.791322708129883, 0.5738735198974609, 2195.399284362793, 
14.151573181152344, 18.75162124633789, 0.3540515899658203, 708.763837814331, 1.1506080627441406, 30.652761459350586, 1.2691020965576172, 9.964466094970703, 708.5168361663818, 
53.518056869506836, 15.036344528198242, 0.025987625122070312, 1476.4091968536377, 3.032684326171875, 970.9653854370117, 
13.314485549926758, 26.37958526611328, 0.04458427429199219, 4095.980167388916, 0.06270408630371094, 34.29698944091797, 440.7525062561035, 5.228281021118164, 6029.482841491699, 
50.42552947998047, 18.590688705444336, 0.10657310485839844, 2094.1460132598877, 
16.144752502441406, 15.112876892089844, 0.1537799835205078, 703.9933204650879, 0.9088516235351562, 32.134056091308594, 1.5339851379394531, 12.364864349365234, 776.4644622802734, 
56.5800666809082, 15.439271926879883, 0.029325485229492188, 1375.5269050598145, 2.1407604217529297, 836.7929458618164, 
16.176462173461914, 28.80573272705078, 0.03170967102050781, 19142.301559448242, 0.072479248046875, 37.69659996032715, 439.4376277923584, 4.3487548828125, 12657.899856567383, 
55.3591251373291, 14.684438705444336, 4.174470901489258, 2579.3185234069824, 
17.11106300354004, 12.453794479370117, 0.2582073211669922, 891.3013935089111, 0.9622573852539062, 35.23421287536621, 1.5716552734375, 14.022588729858398, 845.2117443084717, 
62.65687942504883, 23.406505584716797, 0.03147125244140625, 2069.3931579589844, 2.2034645080566406, 1248.253583908081, 
17.36903190612793, 26.726961135864258, 0.055789947509765625, 9615.87929725647, 0.07367134094238281, 37.6589298248291, 332.3819637298584, 4.229545593261719, 5552.526235580444, 
48.950910568237305, 15.812873840332031, 0.22482872009277344, 1929.1679859161377, 
13.496875762939453, 14.890909194946289, 0.18596649169921875, 593.4820175170898, 1.1947154998779297, 29.825210571289062, 1.73187255859375, 10.389328002929688, 607.9728603363037, 
46.55814170837402, 13.312101364135742, 0.020503997802734375, 1524.958610534668, 2.1085739135742188, 986.2706661224365, 
14.27459716796875, 24.250268936157227, 0.029802322387695312, 4572.239637374878, 0.06222724914550781, 35.33458709716797, 320.27721405029297, 3.8385391235351562, 3381.525993347168, 
42.76394844055176, 12.64190673828125, 0.1361370086669922, 3998.514175415039, 
13.863563537597656, 13.537883758544922, 0.13327598571777344, 624.3405342102051, 1.001119613647461, 33.2636833190918, 1.7464160919189453, 11.555910110473633, 640.070915222168, 
14.902353286743164, 22.464513778686523, 0.04291534423828125, 4415.718793869019, 0.06222724914550781, 33.99252891540527, 349.91908073425293, 4.97889518737793, 6029.659748077393, 
48.16317558288574, 9.557723999023438, 0.09751319885253906, 2646.127939224243, 
56.563615798950195, 10.967493057250977, 0.03147125244140625, 2467.2577381134033, 2.2208690643310547, 1236.7393970489502, 
16.237497329711914, 19.327402114868164, 0.029325485229492188, 5321.77996635437, 0.09751319885253906, 29.246091842651367, 360.12887954711914, 4.806995391845703, 4518.321752548218, 
46.25082015991211, 7.918119430541992, 0.16117095947265625, 4823.169708251953, 
23.057937622070312, 30.927658081054688, 0.25463104248046875, 687.0059967041016, 0.8721351623535156, 36.623239517211914, 4.690408706665039, 32.34505653381348, 714.2801284790039, 
56.15854263305664, 48.31719398498535, 0.07486343383789062, 2298.3155250549316, 3.5288333892822266, 1544.6209907531738, 
25.12979507446289, 103.50608825683594, 0.18334388732910156, 3542.785406112671, 0.10347366333007812, 48.65527153015137, 479.809045791626, 5.885839462280273, 2552.095890045166, 
51.31888389587402, 41.48149490356445, 0.9946823120117188, 2134.125232696533, 
38.265228271484375, 121.36077880859375, 3.2453536987304688, 877.0368099212646, 1.2404918670654297, 57.00564384460449, 6.031990051269531, 18.5239315032959, 748.3632564544678, 
67.00754165649414, 285.9067916870117, 0.44417381286621094, 4987.264633178711, 5.641460418701172, 1321.1195468902588, 
18.89801025390625, 85.06417274475098, 0.8273124694824219, 3024.967908859253, 0.06747245788574219, 38.65337371826172, 464.77293968200684, 4.784107208251953, 2415.32039642334, 
53.94577980041504, 14.122247695922852, 0.6499290466308594, 2392.9779529571533, 
19.93584632873535, 15.358686447143555, 0.7655620574951172, 704.4744491577148, 1.4805793762207031, 55.2980899810791, 3.3597946166992188, 12.457609176635742, 769.4175243377686, 
52.861928939819336, 15.073060989379883, 0.05078315734863281, 1472.771167755127, 4.8809051513671875, 973.8771915435791, 
16.355037689208984, 29.052257537841797, 0.03910064697265625, 3907.045841217041, 0.10395050048828125, 54.574012756347656, 572.8569030761719, 5.656003952026367, 5627.129554748535, 
50.06980895996094, 12.263059616088867, 0.09870529174804688, 2150.186538696289, 
15.984296798706055, 12.496471405029297, 0.11801719665527344, 700.6442546844482, 1.5430450439453125, 43.63822937011719, 2.6421546936035156, 11.886119842529297, 734.1337203979492, 
54.46767807006836, 13.608217239379883, 0.02574920654296875, 1383.7652206420898, 3.821849822998047, 927.4923801422119, 
18.53036880493164, 27.008533477783203, 0.04863739013671875, 16538.744688034058, 0.06389617919921875, 36.10491752624512, 428.22909355163574, 5.653858184814453, 14622.973680496216, 
55.58419227600098, 11.35563850402832, 3.42559814453125, 2128.2691955566406, 
20.368099212646484, 11.94310188293457, 0.5161762237548828, 745.8667755126953, 0.9121894836425781, 43.89238357543945, 2.728700637817383, 15.689611434936523, 768.2266235351562, 
52.51908302307129, 15.06495475769043, 0.026226043701171875, 2115.8714294433594, 3.444194793701172, 1164.1080379486084, 
16.048908233642578, 28.40590476989746, 0.091552734375, 6398.550987243652, 0.08606910705566406, 39.01386260986328, 457.96704292297363, 5.234241485595703, 7479.972362518311, 
50.766706466674805, 11.844873428344727, 0.1468658447265625, 2243.8788414001465, 
17.88949966430664, 13.303995132446289, 0.3018379211425781, 854.1507720947266, 1.413583755493164, 35.48932075500488, 2.1533966064453125, 13.813018798828125, 866.4820194244385, 
62.619924545288086, 11.797189712524414, 0.07271766662597656, 2141.9684886932373, 3.1893253326416016, 1244.3900108337402, 
19.002199172973633, 23.48637580871582, 0.041484832763671875, 5456.7883014678955, 0.06318092346191406, 39.93105888366699, 450.6523609161377, 5.071401596069336, 3727.2791862487793, 
53.67136001586914, 13.287544250488281, 0.13113021850585938, 2035.6688499450684, 
15.049934387207031, 9.814023971557617, 0.2541542053222656, 730.4539680480957, 1.2271404266357422, 36.183834075927734, 2.6056766510009766, 11.403322219848633, 705.5966854095459, 
18.77593994140625, 147.230863571167, 1.7812252044677734, 585.5019092559814, 1.7774105072021484, 79.4832706451416, 10.519742965698242, 27.2676944732666, 568.6261653900146, 